<html>
<body>
<pre>
<h1>µVision Build Log</h1>
<h2>Tool Versions:</h2>
IDE-Version: µVision V5.26.2.0
Copyright (C) 2018 ARM Ltd and ARM Germany GmbH. All rights reserved.
License Information: Alex Hale, McGill University, LIC=----
 
Tool Versions:
Toolchain:       MDK-Lite  Version: 5.26.2.0
Toolchain Path:  C:\Keil_v5\ARM\ARMCC\Bin
C Compiler:      Armcc.exe V5.06 update 6 (build 750)
Assembler:       Armasm.exe V5.06 update 6 (build 750)
Linker/Locator:  ArmLink.exe V5.06 update 6 (build 750)
Library Manager: ArmAr.exe V5.06 update 6 (build 750)
Hex Converter:   FromElf.exe V5.06 update 6 (build 750)
CPU DLL:         SARMCM3.DLL V5.26.2.0
Dialog DLL:      DCM.DLL V1.17.2.0
Target DLL:      STLink\ST-LINKIII-KEIL_SWO.dll V3.0.5.0
Dialog DLL:      TCM.DLL V1.36.1.0
 
<h2>Project:</h2>
C:\Users\Alex\Documents\McGill\ECSE444\Labs\ECSE444\G19_Lab3_Alex\MDK-ARM\Lab3_Test\MDK-ARM\Lab3_Test.uvprojx
Project File Date:  10/09/2018

<h2>Output:</h2>
*** Using Compiler 'V5.06 update 6 (build 750)', folder: 'C:\Keil_v5\ARM\ARMCC\Bin'
Build target 'Lab3_Test'
assembling startup_stm32l475xx.s...
compiling stm32l4xx_hal_tim_ex.c...
compiling stm32l4xx_hal_tim.c...
compiling stm32l4xx_it.c...
compiling stm32l4xx_hal_msp.c...
compiling main.c...
compiling stm32l4xx_hal_adc_ex.c...
compiling stm32l4xx_hal_adc.c...
compiling stm32l4xx_hal_uart.c...
compiling stm32l4xx_hal_uart_ex.c...
compiling stm32l4xx_hal_i2c_ex.c...
compiling stm32l4xx_hal.c...
compiling stm32l4xx_hal_rcc.c...
compiling stm32l4xx_hal_i2c.c...
compiling stm32l4xx_hal_rcc_ex.c...
compiling stm32l4xx_hal_flash.c...
compiling stm32l4xx_hal_flash_ramfunc.c...
compiling stm32l4xx_hal_dma_ex.c...
compiling stm32l4xx_hal_dma.c...
compiling stm32l4xx_hal_gpio.c...
compiling stm32l4xx_hal_flash_ex.c...
compiling stm32l4xx_hal_pwr.c...
compiling system_stm32l4xx.c...
compiling stm32l4xx_hal_cortex.c...
compiling stm32l4xx_hal_pwr_ex.c...
linking...
Program Size: Code=10716 RO-data=496 RW-data=28 ZI-data=1388  
FromELF: creating hex file...
"Lab3_Test\Lab3_Test.axf" - 0 Error(s), 0 Warning(s).

<h2>Software Packages used:</h2>

Package Vendor: ARM
                http://www.keil.com/pack/ARM.CMSIS.5.4.0.pack
                ARM.CMSIS.5.4.0
                CMSIS (Cortex Microcontroller Software Interface Standard)
   * Component: CORE Version: 5.1.2

Package Vendor: Keil
                http://www.keil.com/pack/Keil.STM32L4xx_DFP.2.0.0.pack
                Keil.STM32L4xx_DFP.2.0.0
                STMicroelectronics STM32L4 Series Device Support, Drivers and Examples

<h2>Collection of Component include folders:</h2>
  .\RTE\_Lab3_Test
  C:\Keil_v5\ARM\PACK\ARM\CMSIS\5.4.0\CMSIS\Core\Include
  C:\Keil_v5\ARM\PACK\Keil\STM32L4xx_DFP\2.0.0\Drivers\CMSIS\Device\ST\STM32L4xx\Include

<h2>Collection of Component Files used:</h2>

   * Component: ARM::CMSIS:CORE:5.1.2
Build Time Elapsed:  00:01:25
</pre>
</body>
</html>
