


ARM Macro Assembler    Page 1 


    1 00000000                 AREA             test, CODE, READONLY
    2 00000000         
    3 00000000                 export           asm_dot     ; label must be exp
                                                            orted if it is to b
                                                            e used as a functio
                                                            n in C
    4 00000000         asm_dot
    5 00000000         
    6 00000000 B47E            PUSH{R1-R6}                  ; saving context ac
                                                            cording to calling 
                                                            convention
    7 00000002 F04F 36FF       MOV              R6, #-1     ; initialize loop c
                                                            ounter
    8 00000006         
    9 00000006         loop
   10 00000006 F106 0601       ADD              R6, R6, #1  ; loop counter (N =
                                                             N+1)
   11 0000000A 4296            CMP              R6, R2
   12 0000000C DC0A            BGT              done        ; loop has finished
                                                            ?
   13 0000000E EB00 0486       ADD              R4, R0, R6, LSL #2 ; creating b
                                                            ase address for the
                                                             next element in th
                                                            e first array
   14 00000012 EB01 0586       ADD              R5, R1, R6, LSL #2 ; creating b
                                                            ase address for the
                                                             next element in th
                                                            e second array
   15 00000016 ED94 0A00       VLDR.f32         S0, [R4]    ; load next element
                                                             of first array int
                                                            o S0
   16 0000001A EDD5 0A00       VLDR.f32         S1, [R5]    ; load next element
                                                             of second array in
                                                            to S1
   17 0000001E EE00 1A20       VMLA.f32         S2, S0, S1  ; dot product += S0
                                                            *S1
   18 00000022 E7F0            B                loop        ; loop
   19 00000024         
   20 00000024         done
   21 00000024 ED83 1A00       VSTR.f32         S2, [R3]    ; store the dot pro
                                                            duct in the pointer
                                                             (float *a_dot_prod
                                                            uct) that was provi
                                                            ded
   22 00000028         
   23 00000028 BC7E            POP{R1-R6}                   ; restore context
   24 0000002A 4770            BX               LR          ; return
   25 0000002C         
   26 0000002C                 END
Command Line: --debug --xref --diag_suppress=9931 --cpu=Cortex-M4.fp --apcs=int
erwork --depend=.\objects\asm_dot.d -o.\objects\asm_dot.o -I.\RTE\_GXX_Lab1 -IC
:\Keil_v5\ARM\PACK\ARM\CMSIS\5.4.0\CMSIS\Core\Include -IC:\Keil_v5\ARM\PACK\ARM
\CMSIS\5.4.0\CMSIS\DSP\Include -IC:\Keil_v5\ARM\PACK\ARM\CMSIS\5.4.0\Device\ARM
\ARMCM4\Include --predefine="__EVAL SETA 1" --predefine="__UVISION_VERSION SETA
 526" --predefine="_RTE_ SETA 1" --predefine="ARMCM4_FP SETA 1" --list=.\listin
gs\asm_dot.lst asm\asm_dot.s



ARM Macro Assembler    Page 1 Alphabetic symbol ordering
Relocatable symbols

asm_dot 00000000

Symbol: asm_dot
   Definitions
      At line 4 in file asm\asm_dot.s
   Uses
      At line 3 in file asm\asm_dot.s
Comment: asm_dot used once
done 00000024

Symbol: done
   Definitions
      At line 20 in file asm\asm_dot.s
   Uses
      At line 12 in file asm\asm_dot.s
Comment: done used once
loop 00000006

Symbol: loop
   Definitions
      At line 9 in file asm\asm_dot.s
   Uses
      At line 18 in file asm\asm_dot.s
Comment: loop used once
test 00000000

Symbol: test
   Definitions
      At line 1 in file asm\asm_dot.s
   Uses
      None
Comment: test unused
4 symbols
339 symbols in table
