Component: ARM Compiler 5.06 update 6 (build 750) Tool: armlink [4d35ed]

==============================================================================

Section Cross References

    startup_stm32l475xx.o(RESET) refers to startup_stm32l475xx.o(STACK) for __initial_sp
    startup_stm32l475xx.o(RESET) refers to startup_stm32l475xx.o(.text) for Reset_Handler
    startup_stm32l475xx.o(RESET) refers to stm32l4xx_it.o(i.NMI_Handler) for NMI_Handler
    startup_stm32l475xx.o(RESET) refers to stm32l4xx_it.o(i.HardFault_Handler) for HardFault_Handler
    startup_stm32l475xx.o(RESET) refers to stm32l4xx_it.o(i.MemManage_Handler) for MemManage_Handler
    startup_stm32l475xx.o(RESET) refers to stm32l4xx_it.o(i.BusFault_Handler) for BusFault_Handler
    startup_stm32l475xx.o(RESET) refers to stm32l4xx_it.o(i.UsageFault_Handler) for UsageFault_Handler
    startup_stm32l475xx.o(RESET) refers to stm32l4xx_it.o(i.SVC_Handler) for SVC_Handler
    startup_stm32l475xx.o(RESET) refers to stm32l4xx_it.o(i.DebugMon_Handler) for DebugMon_Handler
    startup_stm32l475xx.o(RESET) refers to stm32l4xx_it.o(i.PendSV_Handler) for PendSV_Handler
    startup_stm32l475xx.o(RESET) refers to stm32l4xx_it.o(i.SysTick_Handler) for SysTick_Handler
    startup_stm32l475xx.o(RESET) refers to stm32l4xx_it.o(i.DMA1_Channel3_IRQHandler) for DMA1_Channel3_IRQHandler
    startup_stm32l475xx.o(RESET) refers to stm32l4xx_it.o(i.DMA1_Channel4_IRQHandler) for DMA1_Channel4_IRQHandler
    startup_stm32l475xx.o(RESET) refers to stm32l4xx_it.o(i.EXTI9_5_IRQHandler) for EXTI9_5_IRQHandler
    startup_stm32l475xx.o(RESET) refers to stm32l4xx_it.o(i.TIM2_IRQHandler) for TIM2_IRQHandler
    startup_stm32l475xx.o(RESET) refers to stm32l4xx_it.o(i.EXTI15_10_IRQHandler) for EXTI15_10_IRQHandler
    startup_stm32l475xx.o(.text) refers to system_stm32l4xx.o(i.SystemInit) for SystemInit
    startup_stm32l475xx.o(.text) refers to entry.o(.ARM.Collect$$$$00000000) for __main
    main.o(i.MX_DAC1_Init) refers to stm32l4xx_hal_dac.o(i.HAL_DAC_Init) for HAL_DAC_Init
    main.o(i.MX_DAC1_Init) refers to stm32l4xx_hal_dac.o(i.HAL_DAC_ConfigChannel) for HAL_DAC_ConfigChannel
    main.o(i.MX_DAC1_Init) refers to main.o(.bss) for .bss
    main.o(i.MX_GPIO_Init) refers to stm32l4xx_hal_gpio.o(i.HAL_GPIO_WritePin) for HAL_GPIO_WritePin
    main.o(i.MX_GPIO_Init) refers to stm32l4xx_hal_gpio.o(i.HAL_GPIO_Init) for HAL_GPIO_Init
    main.o(i.MX_GPIO_Init) refers to stm32l4xx_hal_cortex.o(i.HAL_NVIC_SetPriority) for HAL_NVIC_SetPriority
    main.o(i.MX_GPIO_Init) refers to stm32l4xx_hal_cortex.o(i.HAL_NVIC_EnableIRQ) for HAL_NVIC_EnableIRQ
    main.o(i.MX_TIM2_Init) refers to stm32l4xx_hal_tim.o(i.HAL_TIM_Base_Init) for HAL_TIM_Base_Init
    main.o(i.MX_TIM2_Init) refers to stm32l4xx_hal_tim.o(i.HAL_TIM_ConfigClockSource) for HAL_TIM_ConfigClockSource
    main.o(i.MX_TIM2_Init) refers to stm32l4xx_hal_tim_ex.o(i.HAL_TIMEx_MasterConfigSynchronization) for HAL_TIMEx_MasterConfigSynchronization
    main.o(i.MX_TIM2_Init) refers to main.o(.bss) for .bss
    main.o(i.MX_USART1_UART_Init) refers to stm32l4xx_hal_uart.o(i.HAL_UART_Init) for HAL_UART_Init
    main.o(i.MX_USART1_UART_Init) refers to main.o(.bss) for .bss
    main.o(i.SystemClock_Config) refers to stm32l4xx_hal_rcc.o(i.HAL_RCC_OscConfig) for HAL_RCC_OscConfig
    main.o(i.SystemClock_Config) refers to stm32l4xx_hal_rcc.o(i.HAL_RCC_ClockConfig) for HAL_RCC_ClockConfig
    main.o(i.SystemClock_Config) refers to stm32l4xx_hal_rcc_ex.o(i.HAL_RCCEx_PeriphCLKConfig) for HAL_RCCEx_PeriphCLKConfig
    main.o(i.SystemClock_Config) refers to stm32l4xx_hal_pwr_ex.o(i.HAL_PWREx_ControlVoltageScaling) for HAL_PWREx_ControlVoltageScaling
    main.o(i.SystemClock_Config) refers to stm32l4xx_hal_rcc.o(i.HAL_RCC_GetHCLKFreq) for HAL_RCC_GetHCLKFreq
    main.o(i.SystemClock_Config) refers to stm32l4xx_hal_cortex.o(i.HAL_SYSTICK_Config) for HAL_SYSTICK_Config
    main.o(i.SystemClock_Config) refers to stm32l4xx_hal_cortex.o(i.HAL_SYSTICK_CLKSourceConfig) for HAL_SYSTICK_CLKSourceConfig
    main.o(i.SystemClock_Config) refers to stm32l4xx_hal_cortex.o(i.HAL_NVIC_SetPriority) for HAL_NVIC_SetPriority
    main.o(i.main) refers to stm32l4xx_hal.o(i.HAL_Init) for HAL_Init
    main.o(i.main) refers to main.o(i.SystemClock_Config) for SystemClock_Config
    main.o(i.main) refers to stm32l4xx_it.o(i.SystemClock_Config) for SystemClock_Config
    main.o(i.main) refers to main.o(i.MX_GPIO_Init) for MX_GPIO_Init
    main.o(i.main) refers to stm32l4xx_hal_cortex.o(i.HAL_NVIC_SetPriority) for HAL_NVIC_SetPriority
    main.o(i.main) refers to stm32l4xx_hal_cortex.o(i.HAL_NVIC_EnableIRQ) for HAL_NVIC_EnableIRQ
    main.o(i.main) refers to main.o(i.MX_TIM2_Init) for MX_TIM2_Init
    main.o(i.main) refers to main.o(i.MX_DAC1_Init) for MX_DAC1_Init
    main.o(i.main) refers to main.o(i.MX_USART1_UART_Init) for MX_USART1_UART_Init
    main.o(i.main) refers to stm32l4xx_hal_dac.o(i.HAL_DAC_Start) for HAL_DAC_Start
    main.o(i.main) refers to stm32l4xx_hal_gpio.o(i.HAL_GPIO_ReadPin) for HAL_GPIO_ReadPin
    main.o(i.main) refers to stm32l4xx_hal_gpio.o(i.HAL_GPIO_WritePin) for HAL_GPIO_WritePin
    main.o(i.main) refers to stm32l4xx_hal.o(i.HAL_Delay) for HAL_Delay
    main.o(i.main) refers to stm32l4xx_hal_dac.o(i.HAL_DAC_SetValue) for HAL_DAC_SetValue
    main.o(i.main) refers to main.o(.bss) for .bss
    main.o(i.main) refers to main.o(.data) for .data
    stm32l4xx_it.o(i.DMA1_Channel3_IRQHandler) refers to stm32l4xx_hal_dma.o(i.HAL_DMA_IRQHandler) for HAL_DMA_IRQHandler
    stm32l4xx_it.o(i.DMA1_Channel3_IRQHandler) refers to stm32l4xx_it.o(.bss) for .bss
    stm32l4xx_it.o(i.DMA1_Channel4_IRQHandler) refers to stm32l4xx_hal_dma.o(i.HAL_DMA_IRQHandler) for HAL_DMA_IRQHandler
    stm32l4xx_it.o(i.DMA1_Channel4_IRQHandler) refers to stm32l4xx_it.o(.bss) for .bss
    stm32l4xx_it.o(i.EXTI15_10_IRQHandler) refers to stm32l4xx_hal_gpio.o(i.HAL_GPIO_EXTI_IRQHandler) for HAL_GPIO_EXTI_IRQHandler
    stm32l4xx_it.o(i.EXTI9_5_IRQHandler) refers to stm32l4xx_hal_gpio.o(i.HAL_GPIO_EXTI_IRQHandler) for HAL_GPIO_EXTI_IRQHandler
    stm32l4xx_it.o(i.MX_DAC1_Init) refers to stm32l4xx_hal_dac.o(i.HAL_DAC_Init) for HAL_DAC_Init
    stm32l4xx_it.o(i.MX_DAC1_Init) refers to stm32l4xx_hal_dac.o(i.HAL_DAC_ConfigChannel) for HAL_DAC_ConfigChannel
    stm32l4xx_it.o(i.MX_DAC1_Init) refers to stm32l4xx_it.o(.bss) for .bss
    stm32l4xx_it.o(i.MX_GPIO_Init) refers to stm32l4xx_hal_gpio.o(i.HAL_GPIO_WritePin) for HAL_GPIO_WritePin
    stm32l4xx_it.o(i.MX_GPIO_Init) refers to stm32l4xx_hal_gpio.o(i.HAL_GPIO_Init) for HAL_GPIO_Init
    stm32l4xx_it.o(i.MX_GPIO_Init) refers to stm32l4xx_hal_cortex.o(i.HAL_NVIC_SetPriority) for HAL_NVIC_SetPriority
    stm32l4xx_it.o(i.MX_GPIO_Init) refers to stm32l4xx_hal_cortex.o(i.HAL_NVIC_EnableIRQ) for HAL_NVIC_EnableIRQ
    stm32l4xx_it.o(i.MX_TIM2_Init) refers to stm32l4xx_hal_tim.o(i.HAL_TIM_Base_Init) for HAL_TIM_Base_Init
    stm32l4xx_it.o(i.MX_TIM2_Init) refers to stm32l4xx_hal_tim.o(i.HAL_TIM_ConfigClockSource) for HAL_TIM_ConfigClockSource
    stm32l4xx_it.o(i.MX_TIM2_Init) refers to stm32l4xx_hal_tim_ex.o(i.HAL_TIMEx_MasterConfigSynchronization) for HAL_TIMEx_MasterConfigSynchronization
    stm32l4xx_it.o(i.MX_TIM2_Init) refers to stm32l4xx_it.o(.bss) for .bss
    stm32l4xx_it.o(i.MX_USART1_UART_Init) refers to stm32l4xx_hal_uart.o(i.HAL_UART_Init) for HAL_UART_Init
    stm32l4xx_it.o(i.MX_USART1_UART_Init) refers to stm32l4xx_it.o(.bss) for .bss
    stm32l4xx_it.o(i.SysTick_Handler) refers to stm32l4xx_hal.o(i.HAL_IncTick) for HAL_IncTick
    stm32l4xx_it.o(i.SysTick_Handler) refers to stm32l4xx_hal_cortex.o(i.HAL_SYSTICK_IRQHandler) for HAL_SYSTICK_IRQHandler
    stm32l4xx_it.o(i.SystemClock_Config) refers to stm32l4xx_hal_rcc.o(i.HAL_RCC_OscConfig) for HAL_RCC_OscConfig
    stm32l4xx_it.o(i.SystemClock_Config) refers to stm32l4xx_hal_rcc.o(i.HAL_RCC_ClockConfig) for HAL_RCC_ClockConfig
    stm32l4xx_it.o(i.SystemClock_Config) refers to stm32l4xx_hal_rcc_ex.o(i.HAL_RCCEx_PeriphCLKConfig) for HAL_RCCEx_PeriphCLKConfig
    stm32l4xx_it.o(i.SystemClock_Config) refers to stm32l4xx_hal_pwr_ex.o(i.HAL_PWREx_ControlVoltageScaling) for HAL_PWREx_ControlVoltageScaling
    stm32l4xx_it.o(i.SystemClock_Config) refers to stm32l4xx_hal_rcc.o(i.HAL_RCC_GetHCLKFreq) for HAL_RCC_GetHCLKFreq
    stm32l4xx_it.o(i.SystemClock_Config) refers to stm32l4xx_hal_cortex.o(i.HAL_SYSTICK_Config) for HAL_SYSTICK_Config
    stm32l4xx_it.o(i.SystemClock_Config) refers to stm32l4xx_hal_cortex.o(i.HAL_SYSTICK_CLKSourceConfig) for HAL_SYSTICK_CLKSourceConfig
    stm32l4xx_it.o(i.SystemClock_Config) refers to stm32l4xx_hal_cortex.o(i.HAL_NVIC_SetPriority) for HAL_NVIC_SetPriority
    stm32l4xx_it.o(i.TIM2_IRQHandler) refers to stm32l4xx_hal_tim.o(i.HAL_TIM_IRQHandler) for HAL_TIM_IRQHandler
    stm32l4xx_it.o(i.TIM2_IRQHandler) refers to stm32l4xx_it.o(.data) for .data
    stm32l4xx_it.o(i.TIM2_IRQHandler) refers to stm32l4xx_it.o(.bss) for .bss
    stm32l4xx_it.o(i.main) refers to stm32l4xx_hal.o(i.HAL_Init) for HAL_Init
    stm32l4xx_it.o(i.main) refers to main.o(i.SystemClock_Config) for SystemClock_Config
    stm32l4xx_it.o(i.main) refers to stm32l4xx_it.o(i.SystemClock_Config) for SystemClock_Config
    stm32l4xx_it.o(i.main) refers to stm32l4xx_it.o(i.MX_GPIO_Init) for MX_GPIO_Init
    stm32l4xx_it.o(i.main) refers to stm32l4xx_hal_cortex.o(i.HAL_NVIC_SetPriority) for HAL_NVIC_SetPriority
    stm32l4xx_it.o(i.main) refers to stm32l4xx_hal_cortex.o(i.HAL_NVIC_EnableIRQ) for HAL_NVIC_EnableIRQ
    stm32l4xx_it.o(i.main) refers to stm32l4xx_it.o(i.MX_TIM2_Init) for MX_TIM2_Init
    stm32l4xx_it.o(i.main) refers to stm32l4xx_it.o(i.MX_DAC1_Init) for MX_DAC1_Init
    stm32l4xx_it.o(i.main) refers to stm32l4xx_it.o(i.MX_USART1_UART_Init) for MX_USART1_UART_Init
    stm32l4xx_it.o(i.main) refers to stm32l4xx_hal_dac.o(i.HAL_DAC_Start) for HAL_DAC_Start
    stm32l4xx_it.o(i.main) refers to stm32l4xx_hal_gpio.o(i.HAL_GPIO_ReadPin) for HAL_GPIO_ReadPin
    stm32l4xx_it.o(i.main) refers to stm32l4xx_hal_gpio.o(i.HAL_GPIO_WritePin) for HAL_GPIO_WritePin
    stm32l4xx_it.o(i.main) refers to stm32l4xx_hal.o(i.HAL_Delay) for HAL_Delay
    stm32l4xx_it.o(i.main) refers to stm32l4xx_hal_dac.o(i.HAL_DAC_SetValue) for HAL_DAC_SetValue
    stm32l4xx_it.o(i.main) refers to stm32l4xx_it.o(.bss) for .bss
    stm32l4xx_it.o(i.main) refers to stm32l4xx_it.o(.data) for .data
    stm32l4xx_hal_msp.o(i.HAL_DAC_MspDeInit) refers to stm32l4xx_hal_gpio.o(i.HAL_GPIO_DeInit) for HAL_GPIO_DeInit
    stm32l4xx_hal_msp.o(i.HAL_DAC_MspDeInit) refers to stm32l4xx_hal_dma.o(i.HAL_DMA_DeInit) for HAL_DMA_DeInit
    stm32l4xx_hal_msp.o(i.HAL_DAC_MspInit) refers to stm32l4xx_hal_gpio.o(i.HAL_GPIO_Init) for HAL_GPIO_Init
    stm32l4xx_hal_msp.o(i.HAL_DAC_MspInit) refers to stm32l4xx_hal_dma.o(i.HAL_DMA_Init) for HAL_DMA_Init
    stm32l4xx_hal_msp.o(i.HAL_DAC_MspInit) refers to main.o(i._Error_Handler) for _Error_Handler
    stm32l4xx_hal_msp.o(i.HAL_DAC_MspInit) refers to stm32l4xx_it.o(i._Error_Handler) for _Error_Handler
    stm32l4xx_hal_msp.o(i.HAL_DAC_MspInit) refers to main.o(.bss) for hdma_dac_ch1
    stm32l4xx_hal_msp.o(i.HAL_DAC_MspInit) refers to stm32l4xx_it.o(.bss) for hdma_dac_ch1
    stm32l4xx_hal_msp.o(i.HAL_DAC_MspInit) refers to main.o(.bss) for hdma_dac_ch2
    stm32l4xx_hal_msp.o(i.HAL_MspInit) refers to stm32l4xx_hal_cortex.o(i.HAL_NVIC_SetPriorityGrouping) for HAL_NVIC_SetPriorityGrouping
    stm32l4xx_hal_msp.o(i.HAL_MspInit) refers to stm32l4xx_hal_cortex.o(i.HAL_NVIC_SetPriority) for HAL_NVIC_SetPriority
    stm32l4xx_hal_msp.o(i.HAL_TIM_Base_MspDeInit) refers to stm32l4xx_hal_gpio.o(i.HAL_GPIO_DeInit) for HAL_GPIO_DeInit
    stm32l4xx_hal_msp.o(i.HAL_TIM_Base_MspDeInit) refers to stm32l4xx_hal_cortex.o(i.HAL_NVIC_DisableIRQ) for HAL_NVIC_DisableIRQ
    stm32l4xx_hal_msp.o(i.HAL_TIM_Base_MspInit) refers to stm32l4xx_hal_gpio.o(i.HAL_GPIO_Init) for HAL_GPIO_Init
    stm32l4xx_hal_msp.o(i.HAL_TIM_Base_MspInit) refers to stm32l4xx_hal_cortex.o(i.HAL_NVIC_SetPriority) for HAL_NVIC_SetPriority
    stm32l4xx_hal_msp.o(i.HAL_TIM_Base_MspInit) refers to stm32l4xx_hal_cortex.o(i.HAL_NVIC_EnableIRQ) for HAL_NVIC_EnableIRQ
    stm32l4xx_hal_msp.o(i.HAL_UART_MspDeInit) refers to stm32l4xx_hal_gpio.o(i.HAL_GPIO_DeInit) for HAL_GPIO_DeInit
    stm32l4xx_hal_msp.o(i.HAL_UART_MspInit) refers to stm32l4xx_hal_gpio.o(i.HAL_GPIO_Init) for HAL_GPIO_Init
    stm32l4xx_hal_dac.o(i.DAC_DMAConvCpltCh1) refers to stm32l4xx_hal_dac.o(i.HAL_DAC_ConvCpltCallbackCh1) for HAL_DAC_ConvCpltCallbackCh1
    stm32l4xx_hal_dac.o(i.DAC_DMAErrorCh1) refers to stm32l4xx_hal_dac.o(i.HAL_DAC_ErrorCallbackCh1) for HAL_DAC_ErrorCallbackCh1
    stm32l4xx_hal_dac.o(i.DAC_DMAHalfConvCpltCh1) refers to stm32l4xx_hal_dac.o(i.HAL_DAC_ConvHalfCpltCallbackCh1) for HAL_DAC_ConvHalfCpltCallbackCh1
    stm32l4xx_hal_dac.o(i.HAL_DAC_ConfigChannel) refers to stm32l4xx_hal.o(i.HAL_GetTick) for HAL_GetTick
    stm32l4xx_hal_dac.o(i.HAL_DAC_ConfigChannel) refers to stm32l4xx_hal.o(i.HAL_Delay) for HAL_Delay
    stm32l4xx_hal_dac.o(i.HAL_DAC_DeInit) refers to stm32l4xx_hal_msp.o(i.HAL_DAC_MspDeInit) for HAL_DAC_MspDeInit
    stm32l4xx_hal_dac.o(i.HAL_DAC_IRQHandler) refers to stm32l4xx_hal_dac.o(i.HAL_DAC_DMAUnderrunCallbackCh1) for HAL_DAC_DMAUnderrunCallbackCh1
    stm32l4xx_hal_dac.o(i.HAL_DAC_IRQHandler) refers to stm32l4xx_hal_dac_ex.o(i.HAL_DACEx_DMAUnderrunCallbackCh2) for HAL_DACEx_DMAUnderrunCallbackCh2
    stm32l4xx_hal_dac.o(i.HAL_DAC_Init) refers to stm32l4xx_hal_msp.o(i.HAL_DAC_MspInit) for HAL_DAC_MspInit
    stm32l4xx_hal_dac.o(i.HAL_DAC_Start_DMA) refers to stm32l4xx_hal_dma.o(i.HAL_DMA_Start_IT) for HAL_DMA_Start_IT
    stm32l4xx_hal_dac.o(i.HAL_DAC_Start_DMA) refers to stm32l4xx_hal_dac_ex.o(i.DAC_DMAConvCpltCh2) for DAC_DMAConvCpltCh2
    stm32l4xx_hal_dac.o(i.HAL_DAC_Start_DMA) refers to stm32l4xx_hal_dac_ex.o(i.DAC_DMAHalfConvCpltCh2) for DAC_DMAHalfConvCpltCh2
    stm32l4xx_hal_dac.o(i.HAL_DAC_Start_DMA) refers to stm32l4xx_hal_dac_ex.o(i.DAC_DMAErrorCh2) for DAC_DMAErrorCh2
    stm32l4xx_hal_dac.o(i.HAL_DAC_Start_DMA) refers to stm32l4xx_hal_dac.o(i.DAC_DMAConvCpltCh1) for DAC_DMAConvCpltCh1
    stm32l4xx_hal_dac.o(i.HAL_DAC_Start_DMA) refers to stm32l4xx_hal_dac.o(i.DAC_DMAHalfConvCpltCh1) for DAC_DMAHalfConvCpltCh1
    stm32l4xx_hal_dac.o(i.HAL_DAC_Start_DMA) refers to stm32l4xx_hal_dac.o(i.DAC_DMAErrorCh1) for DAC_DMAErrorCh1
    stm32l4xx_hal_dac.o(i.HAL_DAC_Stop_DMA) refers to stm32l4xx_hal_dma.o(i.HAL_DMA_Abort) for HAL_DMA_Abort
    stm32l4xx_hal_dac_ex.o(i.DAC_DMAConvCpltCh2) refers to stm32l4xx_hal_dac_ex.o(i.HAL_DACEx_ConvCpltCallbackCh2) for HAL_DACEx_ConvCpltCallbackCh2
    stm32l4xx_hal_dac_ex.o(i.DAC_DMAErrorCh2) refers to stm32l4xx_hal_dac_ex.o(i.HAL_DACEx_ErrorCallbackCh2) for HAL_DACEx_ErrorCallbackCh2
    stm32l4xx_hal_dac_ex.o(i.DAC_DMAHalfConvCpltCh2) refers to stm32l4xx_hal_dac_ex.o(i.HAL_DACEx_ConvHalfCpltCallbackCh2) for HAL_DACEx_ConvHalfCpltCallbackCh2
    stm32l4xx_hal_dac_ex.o(i.HAL_DACEx_SelfCalibrate) refers to stm32l4xx_hal.o(i.HAL_Delay) for HAL_Delay
    stm32l4xx_hal_tim.o(i.HAL_TIM_Base_DeInit) refers to stm32l4xx_hal_msp.o(i.HAL_TIM_Base_MspDeInit) for HAL_TIM_Base_MspDeInit
    stm32l4xx_hal_tim.o(i.HAL_TIM_Base_Init) refers to stm32l4xx_hal_msp.o(i.HAL_TIM_Base_MspInit) for HAL_TIM_Base_MspInit
    stm32l4xx_hal_tim.o(i.HAL_TIM_Base_Init) refers to stm32l4xx_hal_tim.o(i.TIM_Base_SetConfig) for TIM_Base_SetConfig
    stm32l4xx_hal_tim.o(i.HAL_TIM_Base_Start_DMA) refers to stm32l4xx_hal_dma.o(i.HAL_DMA_Start_IT) for HAL_DMA_Start_IT
    stm32l4xx_hal_tim.o(i.HAL_TIM_Base_Start_DMA) refers to stm32l4xx_hal_tim.o(i.TIM_DMAPeriodElapsedCplt) for TIM_DMAPeriodElapsedCplt
    stm32l4xx_hal_tim.o(i.HAL_TIM_Base_Start_DMA) refers to stm32l4xx_hal_tim.o(i.TIM_DMAError) for TIM_DMAError
    stm32l4xx_hal_tim.o(i.HAL_TIM_ConfigClockSource) refers to stm32l4xx_hal_tim.o(i.TIM_ETR_SetConfig) for TIM_ETR_SetConfig
    stm32l4xx_hal_tim.o(i.HAL_TIM_ConfigClockSource) refers to stm32l4xx_hal_tim.o(i.TIM_TI1_ConfigInputStage) for TIM_TI1_ConfigInputStage
    stm32l4xx_hal_tim.o(i.HAL_TIM_ConfigClockSource) refers to stm32l4xx_hal_tim.o(i.TIM_TI2_ConfigInputStage) for TIM_TI2_ConfigInputStage
    stm32l4xx_hal_tim.o(i.HAL_TIM_ConfigClockSource) refers to stm32l4xx_hal_tim.o(i.TIM_ITRx_SetConfig) for TIM_ITRx_SetConfig
    stm32l4xx_hal_tim.o(i.HAL_TIM_ConfigOCrefClear) refers to stm32l4xx_hal_tim.o(i.TIM_ETR_SetConfig) for TIM_ETR_SetConfig
    stm32l4xx_hal_tim.o(i.HAL_TIM_DMABurst_ReadStart) refers to stm32l4xx_hal_dma.o(i.HAL_DMA_Start_IT) for HAL_DMA_Start_IT
    stm32l4xx_hal_tim.o(i.HAL_TIM_DMABurst_ReadStart) refers to stm32l4xx_hal_tim.o(i.TIM_DMAError) for TIM_DMAError
    stm32l4xx_hal_tim.o(i.HAL_TIM_DMABurst_ReadStart) refers to stm32l4xx_hal_tim.o(i.TIM_DMACaptureCplt) for TIM_DMACaptureCplt
    stm32l4xx_hal_tim.o(i.HAL_TIM_DMABurst_ReadStart) refers to stm32l4xx_hal_tim.o(i.TIM_DMAPeriodElapsedCplt) for TIM_DMAPeriodElapsedCplt
    stm32l4xx_hal_tim.o(i.HAL_TIM_DMABurst_ReadStart) refers to stm32l4xx_hal_tim_ex.o(i.TIMEx_DMACommutationCplt) for TIMEx_DMACommutationCplt
    stm32l4xx_hal_tim.o(i.HAL_TIM_DMABurst_ReadStart) refers to stm32l4xx_hal_tim.o(i.TIM_DMATriggerCplt) for TIM_DMATriggerCplt
    stm32l4xx_hal_tim.o(i.HAL_TIM_DMABurst_ReadStop) refers to stm32l4xx_hal_dma.o(i.HAL_DMA_Abort) for HAL_DMA_Abort
    stm32l4xx_hal_tim.o(i.HAL_TIM_DMABurst_WriteStart) refers to stm32l4xx_hal_dma.o(i.HAL_DMA_Start_IT) for HAL_DMA_Start_IT
    stm32l4xx_hal_tim.o(i.HAL_TIM_DMABurst_WriteStart) refers to stm32l4xx_hal_tim.o(i.TIM_DMAError) for TIM_DMAError
    stm32l4xx_hal_tim.o(i.HAL_TIM_DMABurst_WriteStart) refers to stm32l4xx_hal_tim.o(i.TIM_DMADelayPulseCplt) for TIM_DMADelayPulseCplt
    stm32l4xx_hal_tim.o(i.HAL_TIM_DMABurst_WriteStart) refers to stm32l4xx_hal_tim.o(i.TIM_DMAPeriodElapsedCplt) for TIM_DMAPeriodElapsedCplt
    stm32l4xx_hal_tim.o(i.HAL_TIM_DMABurst_WriteStart) refers to stm32l4xx_hal_tim_ex.o(i.TIMEx_DMACommutationCplt) for TIMEx_DMACommutationCplt
    stm32l4xx_hal_tim.o(i.HAL_TIM_DMABurst_WriteStart) refers to stm32l4xx_hal_tim.o(i.TIM_DMATriggerCplt) for TIM_DMATriggerCplt
    stm32l4xx_hal_tim.o(i.HAL_TIM_DMABurst_WriteStop) refers to stm32l4xx_hal_dma.o(i.HAL_DMA_Abort) for HAL_DMA_Abort
    stm32l4xx_hal_tim.o(i.HAL_TIM_Encoder_DeInit) refers to stm32l4xx_hal_tim.o(i.HAL_TIM_Encoder_MspDeInit) for HAL_TIM_Encoder_MspDeInit
    stm32l4xx_hal_tim.o(i.HAL_TIM_Encoder_Init) refers to stm32l4xx_hal_tim.o(i.HAL_TIM_Encoder_MspInit) for HAL_TIM_Encoder_MspInit
    stm32l4xx_hal_tim.o(i.HAL_TIM_Encoder_Init) refers to stm32l4xx_hal_tim.o(i.TIM_Base_SetConfig) for TIM_Base_SetConfig
    stm32l4xx_hal_tim.o(i.HAL_TIM_Encoder_Start) refers to stm32l4xx_hal_tim.o(i.TIM_CCxChannelCmd) for TIM_CCxChannelCmd
    stm32l4xx_hal_tim.o(i.HAL_TIM_Encoder_Start_DMA) refers to stm32l4xx_hal_dma.o(i.HAL_DMA_Start_IT) for HAL_DMA_Start_IT
    stm32l4xx_hal_tim.o(i.HAL_TIM_Encoder_Start_DMA) refers to stm32l4xx_hal_tim.o(i.TIM_CCxChannelCmd) for TIM_CCxChannelCmd
    stm32l4xx_hal_tim.o(i.HAL_TIM_Encoder_Start_DMA) refers to stm32l4xx_hal_tim.o(i.TIM_DMACaptureCplt) for TIM_DMACaptureCplt
    stm32l4xx_hal_tim.o(i.HAL_TIM_Encoder_Start_DMA) refers to stm32l4xx_hal_tim.o(i.TIM_DMAError) for TIM_DMAError
    stm32l4xx_hal_tim.o(i.HAL_TIM_Encoder_Start_IT) refers to stm32l4xx_hal_tim.o(i.TIM_CCxChannelCmd) for TIM_CCxChannelCmd
    stm32l4xx_hal_tim.o(i.HAL_TIM_Encoder_Stop) refers to stm32l4xx_hal_tim.o(i.TIM_CCxChannelCmd) for TIM_CCxChannelCmd
    stm32l4xx_hal_tim.o(i.HAL_TIM_Encoder_Stop_DMA) refers to stm32l4xx_hal_tim.o(i.TIM_CCxChannelCmd) for TIM_CCxChannelCmd
    stm32l4xx_hal_tim.o(i.HAL_TIM_Encoder_Stop_IT) refers to stm32l4xx_hal_tim.o(i.TIM_CCxChannelCmd) for TIM_CCxChannelCmd
    stm32l4xx_hal_tim.o(i.HAL_TIM_IC_ConfigChannel) refers to stm32l4xx_hal_tim.o(i.TIM_TI1_SetConfig) for TIM_TI1_SetConfig
    stm32l4xx_hal_tim.o(i.HAL_TIM_IC_ConfigChannel) refers to stm32l4xx_hal_tim.o(i.TIM_TI2_SetConfig) for TIM_TI2_SetConfig
    stm32l4xx_hal_tim.o(i.HAL_TIM_IC_DeInit) refers to stm32l4xx_hal_tim.o(i.HAL_TIM_IC_MspDeInit) for HAL_TIM_IC_MspDeInit
    stm32l4xx_hal_tim.o(i.HAL_TIM_IC_Init) refers to stm32l4xx_hal_tim.o(i.HAL_TIM_IC_MspInit) for HAL_TIM_IC_MspInit
    stm32l4xx_hal_tim.o(i.HAL_TIM_IC_Init) refers to stm32l4xx_hal_tim.o(i.TIM_Base_SetConfig) for TIM_Base_SetConfig
    stm32l4xx_hal_tim.o(i.HAL_TIM_IC_Start) refers to stm32l4xx_hal_tim.o(i.TIM_CCxChannelCmd) for TIM_CCxChannelCmd
    stm32l4xx_hal_tim.o(i.HAL_TIM_IC_Start_DMA) refers to stm32l4xx_hal_dma.o(i.HAL_DMA_Start_IT) for HAL_DMA_Start_IT
    stm32l4xx_hal_tim.o(i.HAL_TIM_IC_Start_DMA) refers to stm32l4xx_hal_tim.o(i.TIM_CCxChannelCmd) for TIM_CCxChannelCmd
    stm32l4xx_hal_tim.o(i.HAL_TIM_IC_Start_DMA) refers to stm32l4xx_hal_tim.o(i.TIM_DMACaptureCplt) for TIM_DMACaptureCplt
    stm32l4xx_hal_tim.o(i.HAL_TIM_IC_Start_DMA) refers to stm32l4xx_hal_tim.o(i.TIM_DMAError) for TIM_DMAError
    stm32l4xx_hal_tim.o(i.HAL_TIM_IC_Start_IT) refers to stm32l4xx_hal_tim.o(i.TIM_CCxChannelCmd) for TIM_CCxChannelCmd
    stm32l4xx_hal_tim.o(i.HAL_TIM_IC_Stop) refers to stm32l4xx_hal_tim.o(i.TIM_CCxChannelCmd) for TIM_CCxChannelCmd
    stm32l4xx_hal_tim.o(i.HAL_TIM_IC_Stop_DMA) refers to stm32l4xx_hal_tim.o(i.TIM_CCxChannelCmd) for TIM_CCxChannelCmd
    stm32l4xx_hal_tim.o(i.HAL_TIM_IC_Stop_IT) refers to stm32l4xx_hal_tim.o(i.TIM_CCxChannelCmd) for TIM_CCxChannelCmd
    stm32l4xx_hal_tim.o(i.HAL_TIM_IRQHandler) refers to stm32l4xx_hal_tim.o(i.HAL_TIM_IC_CaptureCallback) for HAL_TIM_IC_CaptureCallback
    stm32l4xx_hal_tim.o(i.HAL_TIM_IRQHandler) refers to stm32l4xx_hal_tim.o(i.HAL_TIM_OC_DelayElapsedCallback) for HAL_TIM_OC_DelayElapsedCallback
    stm32l4xx_hal_tim.o(i.HAL_TIM_IRQHandler) refers to stm32l4xx_hal_tim.o(i.HAL_TIM_PWM_PulseFinishedCallback) for HAL_TIM_PWM_PulseFinishedCallback
    stm32l4xx_hal_tim.o(i.HAL_TIM_IRQHandler) refers to stm32l4xx_hal_tim.o(i.HAL_TIM_PeriodElapsedCallback) for HAL_TIM_PeriodElapsedCallback
    stm32l4xx_hal_tim.o(i.HAL_TIM_IRQHandler) refers to stm32l4xx_hal_tim_ex.o(i.HAL_TIMEx_BreakCallback) for HAL_TIMEx_BreakCallback
    stm32l4xx_hal_tim.o(i.HAL_TIM_IRQHandler) refers to stm32l4xx_hal_tim_ex.o(i.HAL_TIMEx_Break2Callback) for HAL_TIMEx_Break2Callback
    stm32l4xx_hal_tim.o(i.HAL_TIM_IRQHandler) refers to stm32l4xx_hal_tim.o(i.HAL_TIM_TriggerCallback) for HAL_TIM_TriggerCallback
    stm32l4xx_hal_tim.o(i.HAL_TIM_IRQHandler) refers to stm32l4xx_hal_tim_ex.o(i.HAL_TIMEx_CommutationCallback) for HAL_TIMEx_CommutationCallback
    stm32l4xx_hal_tim.o(i.HAL_TIM_OC_ConfigChannel) refers to stm32l4xx_hal_tim.o(i.TIM_OC1_SetConfig) for TIM_OC1_SetConfig
    stm32l4xx_hal_tim.o(i.HAL_TIM_OC_ConfigChannel) refers to stm32l4xx_hal_tim.o(i.TIM_OC2_SetConfig) for TIM_OC2_SetConfig
    stm32l4xx_hal_tim.o(i.HAL_TIM_OC_ConfigChannel) refers to stm32l4xx_hal_tim.o(i.TIM_OC3_SetConfig) for TIM_OC3_SetConfig
    stm32l4xx_hal_tim.o(i.HAL_TIM_OC_ConfigChannel) refers to stm32l4xx_hal_tim.o(i.TIM_OC4_SetConfig) for TIM_OC4_SetConfig
    stm32l4xx_hal_tim.o(i.HAL_TIM_OC_ConfigChannel) refers to stm32l4xx_hal_tim.o(i.TIM_OC5_SetConfig) for TIM_OC5_SetConfig
    stm32l4xx_hal_tim.o(i.HAL_TIM_OC_ConfigChannel) refers to stm32l4xx_hal_tim.o(i.TIM_OC6_SetConfig) for TIM_OC6_SetConfig
    stm32l4xx_hal_tim.o(i.HAL_TIM_OC_DeInit) refers to stm32l4xx_hal_tim.o(i.HAL_TIM_OC_MspDeInit) for HAL_TIM_OC_MspDeInit
    stm32l4xx_hal_tim.o(i.HAL_TIM_OC_Init) refers to stm32l4xx_hal_tim.o(i.HAL_TIM_OC_MspInit) for HAL_TIM_OC_MspInit
    stm32l4xx_hal_tim.o(i.HAL_TIM_OC_Init) refers to stm32l4xx_hal_tim.o(i.TIM_Base_SetConfig) for TIM_Base_SetConfig
    stm32l4xx_hal_tim.o(i.HAL_TIM_OC_Start) refers to stm32l4xx_hal_tim.o(i.TIM_CCxChannelCmd) for TIM_CCxChannelCmd
    stm32l4xx_hal_tim.o(i.HAL_TIM_OC_Start_DMA) refers to stm32l4xx_hal_dma.o(i.HAL_DMA_Start_IT) for HAL_DMA_Start_IT
    stm32l4xx_hal_tim.o(i.HAL_TIM_OC_Start_DMA) refers to stm32l4xx_hal_tim.o(i.TIM_CCxChannelCmd) for TIM_CCxChannelCmd
    stm32l4xx_hal_tim.o(i.HAL_TIM_OC_Start_DMA) refers to stm32l4xx_hal_tim.o(i.TIM_DMADelayPulseCplt) for TIM_DMADelayPulseCplt
    stm32l4xx_hal_tim.o(i.HAL_TIM_OC_Start_DMA) refers to stm32l4xx_hal_tim.o(i.TIM_DMAError) for TIM_DMAError
    stm32l4xx_hal_tim.o(i.HAL_TIM_OC_Start_IT) refers to stm32l4xx_hal_tim.o(i.TIM_CCxChannelCmd) for TIM_CCxChannelCmd
    stm32l4xx_hal_tim.o(i.HAL_TIM_OC_Stop) refers to stm32l4xx_hal_tim.o(i.TIM_CCxChannelCmd) for TIM_CCxChannelCmd
    stm32l4xx_hal_tim.o(i.HAL_TIM_OC_Stop_DMA) refers to stm32l4xx_hal_tim.o(i.TIM_CCxChannelCmd) for TIM_CCxChannelCmd
    stm32l4xx_hal_tim.o(i.HAL_TIM_OC_Stop_IT) refers to stm32l4xx_hal_tim.o(i.TIM_CCxChannelCmd) for TIM_CCxChannelCmd
    stm32l4xx_hal_tim.o(i.HAL_TIM_OnePulse_ConfigChannel) refers to stm32l4xx_hal_tim.o(i.TIM_OC1_SetConfig) for TIM_OC1_SetConfig
    stm32l4xx_hal_tim.o(i.HAL_TIM_OnePulse_ConfigChannel) refers to stm32l4xx_hal_tim.o(i.TIM_OC2_SetConfig) for TIM_OC2_SetConfig
    stm32l4xx_hal_tim.o(i.HAL_TIM_OnePulse_ConfigChannel) refers to stm32l4xx_hal_tim.o(i.TIM_TI1_SetConfig) for TIM_TI1_SetConfig
    stm32l4xx_hal_tim.o(i.HAL_TIM_OnePulse_ConfigChannel) refers to stm32l4xx_hal_tim.o(i.TIM_TI2_SetConfig) for TIM_TI2_SetConfig
    stm32l4xx_hal_tim.o(i.HAL_TIM_OnePulse_DeInit) refers to stm32l4xx_hal_tim.o(i.HAL_TIM_OnePulse_MspDeInit) for HAL_TIM_OnePulse_MspDeInit
    stm32l4xx_hal_tim.o(i.HAL_TIM_OnePulse_Init) refers to stm32l4xx_hal_tim.o(i.HAL_TIM_OnePulse_MspInit) for HAL_TIM_OnePulse_MspInit
    stm32l4xx_hal_tim.o(i.HAL_TIM_OnePulse_Init) refers to stm32l4xx_hal_tim.o(i.TIM_Base_SetConfig) for TIM_Base_SetConfig
    stm32l4xx_hal_tim.o(i.HAL_TIM_OnePulse_Start) refers to stm32l4xx_hal_tim.o(i.TIM_CCxChannelCmd) for TIM_CCxChannelCmd
    stm32l4xx_hal_tim.o(i.HAL_TIM_OnePulse_Start_IT) refers to stm32l4xx_hal_tim.o(i.TIM_CCxChannelCmd) for TIM_CCxChannelCmd
    stm32l4xx_hal_tim.o(i.HAL_TIM_OnePulse_Stop) refers to stm32l4xx_hal_tim.o(i.TIM_CCxChannelCmd) for TIM_CCxChannelCmd
    stm32l4xx_hal_tim.o(i.HAL_TIM_OnePulse_Stop_IT) refers to stm32l4xx_hal_tim.o(i.TIM_CCxChannelCmd) for TIM_CCxChannelCmd
    stm32l4xx_hal_tim.o(i.HAL_TIM_PWM_ConfigChannel) refers to stm32l4xx_hal_tim.o(i.TIM_OC1_SetConfig) for TIM_OC1_SetConfig
    stm32l4xx_hal_tim.o(i.HAL_TIM_PWM_ConfigChannel) refers to stm32l4xx_hal_tim.o(i.TIM_OC2_SetConfig) for TIM_OC2_SetConfig
    stm32l4xx_hal_tim.o(i.HAL_TIM_PWM_ConfigChannel) refers to stm32l4xx_hal_tim.o(i.TIM_OC3_SetConfig) for TIM_OC3_SetConfig
    stm32l4xx_hal_tim.o(i.HAL_TIM_PWM_ConfigChannel) refers to stm32l4xx_hal_tim.o(i.TIM_OC4_SetConfig) for TIM_OC4_SetConfig
    stm32l4xx_hal_tim.o(i.HAL_TIM_PWM_ConfigChannel) refers to stm32l4xx_hal_tim.o(i.TIM_OC5_SetConfig) for TIM_OC5_SetConfig
    stm32l4xx_hal_tim.o(i.HAL_TIM_PWM_ConfigChannel) refers to stm32l4xx_hal_tim.o(i.TIM_OC6_SetConfig) for TIM_OC6_SetConfig
    stm32l4xx_hal_tim.o(i.HAL_TIM_PWM_DeInit) refers to stm32l4xx_hal_tim.o(i.HAL_TIM_PWM_MspDeInit) for HAL_TIM_PWM_MspDeInit
    stm32l4xx_hal_tim.o(i.HAL_TIM_PWM_Init) refers to stm32l4xx_hal_tim.o(i.HAL_TIM_PWM_MspInit) for HAL_TIM_PWM_MspInit
    stm32l4xx_hal_tim.o(i.HAL_TIM_PWM_Init) refers to stm32l4xx_hal_tim.o(i.TIM_Base_SetConfig) for TIM_Base_SetConfig
    stm32l4xx_hal_tim.o(i.HAL_TIM_PWM_Start) refers to stm32l4xx_hal_tim.o(i.TIM_CCxChannelCmd) for TIM_CCxChannelCmd
    stm32l4xx_hal_tim.o(i.HAL_TIM_PWM_Start_DMA) refers to stm32l4xx_hal_dma.o(i.HAL_DMA_Start_IT) for HAL_DMA_Start_IT
    stm32l4xx_hal_tim.o(i.HAL_TIM_PWM_Start_DMA) refers to stm32l4xx_hal_tim.o(i.TIM_CCxChannelCmd) for TIM_CCxChannelCmd
    stm32l4xx_hal_tim.o(i.HAL_TIM_PWM_Start_DMA) refers to stm32l4xx_hal_tim.o(i.TIM_DMADelayPulseCplt) for TIM_DMADelayPulseCplt
    stm32l4xx_hal_tim.o(i.HAL_TIM_PWM_Start_DMA) refers to stm32l4xx_hal_tim.o(i.TIM_DMAError) for TIM_DMAError
    stm32l4xx_hal_tim.o(i.HAL_TIM_PWM_Start_IT) refers to stm32l4xx_hal_tim.o(i.TIM_CCxChannelCmd) for TIM_CCxChannelCmd
    stm32l4xx_hal_tim.o(i.HAL_TIM_PWM_Stop) refers to stm32l4xx_hal_tim.o(i.TIM_CCxChannelCmd) for TIM_CCxChannelCmd
    stm32l4xx_hal_tim.o(i.HAL_TIM_PWM_Stop_DMA) refers to stm32l4xx_hal_tim.o(i.TIM_CCxChannelCmd) for TIM_CCxChannelCmd
    stm32l4xx_hal_tim.o(i.HAL_TIM_PWM_Stop_IT) refers to stm32l4xx_hal_tim.o(i.TIM_CCxChannelCmd) for TIM_CCxChannelCmd
    stm32l4xx_hal_tim.o(i.HAL_TIM_SlaveConfigSynchronization) refers to stm32l4xx_hal_tim.o(i.TIM_SlaveTimer_SetConfig) for TIM_SlaveTimer_SetConfig
    stm32l4xx_hal_tim.o(i.HAL_TIM_SlaveConfigSynchronization_IT) refers to stm32l4xx_hal_tim.o(i.TIM_SlaveTimer_SetConfig) for TIM_SlaveTimer_SetConfig
    stm32l4xx_hal_tim.o(i.TIM_DMACaptureCplt) refers to stm32l4xx_hal_tim.o(i.HAL_TIM_IC_CaptureCallback) for HAL_TIM_IC_CaptureCallback
    stm32l4xx_hal_tim.o(i.TIM_DMADelayPulseCplt) refers to stm32l4xx_hal_tim.o(i.HAL_TIM_PWM_PulseFinishedCallback) for HAL_TIM_PWM_PulseFinishedCallback
    stm32l4xx_hal_tim.o(i.TIM_DMAError) refers to stm32l4xx_hal_tim.o(i.HAL_TIM_ErrorCallback) for HAL_TIM_ErrorCallback
    stm32l4xx_hal_tim.o(i.TIM_DMAPeriodElapsedCplt) refers to stm32l4xx_hal_tim.o(i.HAL_TIM_PeriodElapsedCallback) for HAL_TIM_PeriodElapsedCallback
    stm32l4xx_hal_tim.o(i.TIM_DMATriggerCplt) refers to stm32l4xx_hal_tim.o(i.HAL_TIM_TriggerCallback) for HAL_TIM_TriggerCallback
    stm32l4xx_hal_tim.o(i.TIM_SlaveTimer_SetConfig) refers to stm32l4xx_hal_tim.o(i.TIM_ETR_SetConfig) for TIM_ETR_SetConfig
    stm32l4xx_hal_tim.o(i.TIM_SlaveTimer_SetConfig) refers to stm32l4xx_hal_tim.o(i.TIM_TI1_ConfigInputStage) for TIM_TI1_ConfigInputStage
    stm32l4xx_hal_tim.o(i.TIM_SlaveTimer_SetConfig) refers to stm32l4xx_hal_tim.o(i.TIM_TI2_ConfigInputStage) for TIM_TI2_ConfigInputStage
    stm32l4xx_hal_tim_ex.o(i.HAL_TIMEx_ConfigCommutationEvent_DMA) refers to stm32l4xx_hal_tim_ex.o(i.TIMEx_DMACommutationCplt) for TIMEx_DMACommutationCplt
    stm32l4xx_hal_tim_ex.o(i.HAL_TIMEx_ConfigCommutationEvent_DMA) refers to stm32l4xx_hal_tim.o(i.TIM_DMAError) for TIM_DMAError
    stm32l4xx_hal_tim_ex.o(i.HAL_TIMEx_HallSensor_DeInit) refers to stm32l4xx_hal_tim_ex.o(i.HAL_TIMEx_HallSensor_MspDeInit) for HAL_TIMEx_HallSensor_MspDeInit
    stm32l4xx_hal_tim_ex.o(i.HAL_TIMEx_HallSensor_Init) refers to stm32l4xx_hal_tim_ex.o(i.HAL_TIMEx_HallSensor_MspInit) for HAL_TIMEx_HallSensor_MspInit
    stm32l4xx_hal_tim_ex.o(i.HAL_TIMEx_HallSensor_Init) refers to stm32l4xx_hal_tim.o(i.TIM_Base_SetConfig) for TIM_Base_SetConfig
    stm32l4xx_hal_tim_ex.o(i.HAL_TIMEx_HallSensor_Init) refers to stm32l4xx_hal_tim.o(i.TIM_TI1_SetConfig) for TIM_TI1_SetConfig
    stm32l4xx_hal_tim_ex.o(i.HAL_TIMEx_HallSensor_Init) refers to stm32l4xx_hal_tim.o(i.TIM_OC2_SetConfig) for TIM_OC2_SetConfig
    stm32l4xx_hal_tim_ex.o(i.HAL_TIMEx_HallSensor_Start) refers to stm32l4xx_hal_tim.o(i.TIM_CCxChannelCmd) for TIM_CCxChannelCmd
    stm32l4xx_hal_tim_ex.o(i.HAL_TIMEx_HallSensor_Start_DMA) refers to stm32l4xx_hal_tim.o(i.TIM_CCxChannelCmd) for TIM_CCxChannelCmd
    stm32l4xx_hal_tim_ex.o(i.HAL_TIMEx_HallSensor_Start_DMA) refers to stm32l4xx_hal_dma.o(i.HAL_DMA_Start_IT) for HAL_DMA_Start_IT
    stm32l4xx_hal_tim_ex.o(i.HAL_TIMEx_HallSensor_Start_DMA) refers to stm32l4xx_hal_tim.o(i.TIM_DMACaptureCplt) for TIM_DMACaptureCplt
    stm32l4xx_hal_tim_ex.o(i.HAL_TIMEx_HallSensor_Start_DMA) refers to stm32l4xx_hal_tim.o(i.TIM_DMAError) for TIM_DMAError
    stm32l4xx_hal_tim_ex.o(i.HAL_TIMEx_HallSensor_Start_IT) refers to stm32l4xx_hal_tim.o(i.TIM_CCxChannelCmd) for TIM_CCxChannelCmd
    stm32l4xx_hal_tim_ex.o(i.HAL_TIMEx_HallSensor_Stop) refers to stm32l4xx_hal_tim.o(i.TIM_CCxChannelCmd) for TIM_CCxChannelCmd
    stm32l4xx_hal_tim_ex.o(i.HAL_TIMEx_HallSensor_Stop_DMA) refers to stm32l4xx_hal_tim.o(i.TIM_CCxChannelCmd) for TIM_CCxChannelCmd
    stm32l4xx_hal_tim_ex.o(i.HAL_TIMEx_HallSensor_Stop_IT) refers to stm32l4xx_hal_tim.o(i.TIM_CCxChannelCmd) for TIM_CCxChannelCmd
    stm32l4xx_hal_tim_ex.o(i.HAL_TIMEx_OCN_Start) refers to stm32l4xx_hal_tim_ex.o(i.TIM_CCxNChannelCmd) for TIM_CCxNChannelCmd
    stm32l4xx_hal_tim_ex.o(i.HAL_TIMEx_OCN_Start_DMA) refers to stm32l4xx_hal_dma.o(i.HAL_DMA_Start_IT) for HAL_DMA_Start_IT
    stm32l4xx_hal_tim_ex.o(i.HAL_TIMEx_OCN_Start_DMA) refers to stm32l4xx_hal_tim_ex.o(i.TIM_CCxNChannelCmd) for TIM_CCxNChannelCmd
    stm32l4xx_hal_tim_ex.o(i.HAL_TIMEx_OCN_Start_DMA) refers to stm32l4xx_hal_tim.o(i.TIM_DMADelayPulseCplt) for TIM_DMADelayPulseCplt
    stm32l4xx_hal_tim_ex.o(i.HAL_TIMEx_OCN_Start_DMA) refers to stm32l4xx_hal_tim.o(i.TIM_DMAError) for TIM_DMAError
    stm32l4xx_hal_tim_ex.o(i.HAL_TIMEx_OCN_Start_IT) refers to stm32l4xx_hal_tim_ex.o(i.TIM_CCxNChannelCmd) for TIM_CCxNChannelCmd
    stm32l4xx_hal_tim_ex.o(i.HAL_TIMEx_OCN_Stop) refers to stm32l4xx_hal_tim_ex.o(i.TIM_CCxNChannelCmd) for TIM_CCxNChannelCmd
    stm32l4xx_hal_tim_ex.o(i.HAL_TIMEx_OCN_Stop_DMA) refers to stm32l4xx_hal_tim_ex.o(i.TIM_CCxNChannelCmd) for TIM_CCxNChannelCmd
    stm32l4xx_hal_tim_ex.o(i.HAL_TIMEx_OCN_Stop_IT) refers to stm32l4xx_hal_tim_ex.o(i.TIM_CCxNChannelCmd) for TIM_CCxNChannelCmd
    stm32l4xx_hal_tim_ex.o(i.HAL_TIMEx_OnePulseN_Start) refers to stm32l4xx_hal_tim_ex.o(i.TIM_CCxNChannelCmd) for TIM_CCxNChannelCmd
    stm32l4xx_hal_tim_ex.o(i.HAL_TIMEx_OnePulseN_Start_IT) refers to stm32l4xx_hal_tim_ex.o(i.TIM_CCxNChannelCmd) for TIM_CCxNChannelCmd
    stm32l4xx_hal_tim_ex.o(i.HAL_TIMEx_OnePulseN_Stop) refers to stm32l4xx_hal_tim_ex.o(i.TIM_CCxNChannelCmd) for TIM_CCxNChannelCmd
    stm32l4xx_hal_tim_ex.o(i.HAL_TIMEx_OnePulseN_Stop_IT) refers to stm32l4xx_hal_tim_ex.o(i.TIM_CCxNChannelCmd) for TIM_CCxNChannelCmd
    stm32l4xx_hal_tim_ex.o(i.HAL_TIMEx_PWMN_Start) refers to stm32l4xx_hal_tim_ex.o(i.TIM_CCxNChannelCmd) for TIM_CCxNChannelCmd
    stm32l4xx_hal_tim_ex.o(i.HAL_TIMEx_PWMN_Start_DMA) refers to stm32l4xx_hal_dma.o(i.HAL_DMA_Start_IT) for HAL_DMA_Start_IT
    stm32l4xx_hal_tim_ex.o(i.HAL_TIMEx_PWMN_Start_DMA) refers to stm32l4xx_hal_tim_ex.o(i.TIM_CCxNChannelCmd) for TIM_CCxNChannelCmd
    stm32l4xx_hal_tim_ex.o(i.HAL_TIMEx_PWMN_Start_DMA) refers to stm32l4xx_hal_tim.o(i.TIM_DMADelayPulseCplt) for TIM_DMADelayPulseCplt
    stm32l4xx_hal_tim_ex.o(i.HAL_TIMEx_PWMN_Start_DMA) refers to stm32l4xx_hal_tim.o(i.TIM_DMAError) for TIM_DMAError
    stm32l4xx_hal_tim_ex.o(i.HAL_TIMEx_PWMN_Start_IT) refers to stm32l4xx_hal_tim_ex.o(i.TIM_CCxNChannelCmd) for TIM_CCxNChannelCmd
    stm32l4xx_hal_tim_ex.o(i.HAL_TIMEx_PWMN_Stop) refers to stm32l4xx_hal_tim_ex.o(i.TIM_CCxNChannelCmd) for TIM_CCxNChannelCmd
    stm32l4xx_hal_tim_ex.o(i.HAL_TIMEx_PWMN_Stop_DMA) refers to stm32l4xx_hal_tim_ex.o(i.TIM_CCxNChannelCmd) for TIM_CCxNChannelCmd
    stm32l4xx_hal_tim_ex.o(i.HAL_TIMEx_PWMN_Stop_IT) refers to stm32l4xx_hal_tim_ex.o(i.TIM_CCxNChannelCmd) for TIM_CCxNChannelCmd
    stm32l4xx_hal_tim_ex.o(i.TIMEx_DMACommutationCplt) refers to stm32l4xx_hal_tim_ex.o(i.HAL_TIMEx_CommutationCallback) for HAL_TIMEx_CommutationCallback
    stm32l4xx_hal_uart.o(i.HAL_HalfDuplex_Init) refers to stm32l4xx_hal_msp.o(i.HAL_UART_MspInit) for HAL_UART_MspInit
    stm32l4xx_hal_uart.o(i.HAL_HalfDuplex_Init) refers to stm32l4xx_hal_uart.o(i.UART_SetConfig) for UART_SetConfig
    stm32l4xx_hal_uart.o(i.HAL_HalfDuplex_Init) refers to stm32l4xx_hal_uart.o(i.UART_AdvFeatureConfig) for UART_AdvFeatureConfig
    stm32l4xx_hal_uart.o(i.HAL_HalfDuplex_Init) refers to stm32l4xx_hal_uart.o(i.UART_CheckIdleState) for UART_CheckIdleState
    stm32l4xx_hal_uart.o(i.HAL_LIN_Init) refers to stm32l4xx_hal_msp.o(i.HAL_UART_MspInit) for HAL_UART_MspInit
    stm32l4xx_hal_uart.o(i.HAL_LIN_Init) refers to stm32l4xx_hal_uart.o(i.UART_SetConfig) for UART_SetConfig
    stm32l4xx_hal_uart.o(i.HAL_LIN_Init) refers to stm32l4xx_hal_uart.o(i.UART_AdvFeatureConfig) for UART_AdvFeatureConfig
    stm32l4xx_hal_uart.o(i.HAL_LIN_Init) refers to stm32l4xx_hal_uart.o(i.UART_CheckIdleState) for UART_CheckIdleState
    stm32l4xx_hal_uart.o(i.HAL_MultiProcessor_DisableMuteMode) refers to stm32l4xx_hal_uart.o(i.UART_CheckIdleState) for UART_CheckIdleState
    stm32l4xx_hal_uart.o(i.HAL_MultiProcessor_EnableMuteMode) refers to stm32l4xx_hal_uart.o(i.UART_CheckIdleState) for UART_CheckIdleState
    stm32l4xx_hal_uart.o(i.HAL_MultiProcessor_Init) refers to stm32l4xx_hal_msp.o(i.HAL_UART_MspInit) for HAL_UART_MspInit
    stm32l4xx_hal_uart.o(i.HAL_MultiProcessor_Init) refers to stm32l4xx_hal_uart.o(i.UART_SetConfig) for UART_SetConfig
    stm32l4xx_hal_uart.o(i.HAL_MultiProcessor_Init) refers to stm32l4xx_hal_uart.o(i.UART_AdvFeatureConfig) for UART_AdvFeatureConfig
    stm32l4xx_hal_uart.o(i.HAL_MultiProcessor_Init) refers to stm32l4xx_hal_uart.o(i.UART_CheckIdleState) for UART_CheckIdleState
    stm32l4xx_hal_uart.o(i.HAL_UART_Abort) refers to stm32l4xx_hal_dma.o(i.HAL_DMA_Abort) for HAL_DMA_Abort
    stm32l4xx_hal_uart.o(i.HAL_UART_AbortReceive) refers to stm32l4xx_hal_dma.o(i.HAL_DMA_Abort) for HAL_DMA_Abort
    stm32l4xx_hal_uart.o(i.HAL_UART_AbortReceive_IT) refers to stm32l4xx_hal_dma.o(i.HAL_DMA_Abort_IT) for HAL_DMA_Abort_IT
    stm32l4xx_hal_uart.o(i.HAL_UART_AbortReceive_IT) refers to stm32l4xx_hal_uart.o(i.HAL_UART_AbortReceiveCpltCallback) for HAL_UART_AbortReceiveCpltCallback
    stm32l4xx_hal_uart.o(i.HAL_UART_AbortReceive_IT) refers to stm32l4xx_hal_uart.o(i.UART_DMARxOnlyAbortCallback) for UART_DMARxOnlyAbortCallback
    stm32l4xx_hal_uart.o(i.HAL_UART_AbortTransmit) refers to stm32l4xx_hal_dma.o(i.HAL_DMA_Abort) for HAL_DMA_Abort
    stm32l4xx_hal_uart.o(i.HAL_UART_AbortTransmit_IT) refers to stm32l4xx_hal_dma.o(i.HAL_DMA_Abort_IT) for HAL_DMA_Abort_IT
    stm32l4xx_hal_uart.o(i.HAL_UART_AbortTransmit_IT) refers to stm32l4xx_hal_uart.o(i.HAL_UART_AbortTransmitCpltCallback) for HAL_UART_AbortTransmitCpltCallback
    stm32l4xx_hal_uart.o(i.HAL_UART_AbortTransmit_IT) refers to stm32l4xx_hal_uart.o(i.UART_DMATxOnlyAbortCallback) for UART_DMATxOnlyAbortCallback
    stm32l4xx_hal_uart.o(i.HAL_UART_Abort_IT) refers to stm32l4xx_hal_dma.o(i.HAL_DMA_Abort_IT) for HAL_DMA_Abort_IT
    stm32l4xx_hal_uart.o(i.HAL_UART_Abort_IT) refers to stm32l4xx_hal_uart.o(i.HAL_UART_AbortCpltCallback) for HAL_UART_AbortCpltCallback
    stm32l4xx_hal_uart.o(i.HAL_UART_Abort_IT) refers to stm32l4xx_hal_uart.o(i.UART_DMATxAbortCallback) for UART_DMATxAbortCallback
    stm32l4xx_hal_uart.o(i.HAL_UART_Abort_IT) refers to stm32l4xx_hal_uart.o(i.UART_DMARxAbortCallback) for UART_DMARxAbortCallback
    stm32l4xx_hal_uart.o(i.HAL_UART_DMAStop) refers to stm32l4xx_hal_dma.o(i.HAL_DMA_Abort) for HAL_DMA_Abort
    stm32l4xx_hal_uart.o(i.HAL_UART_DMAStop) refers to stm32l4xx_hal_uart.o(i.UART_EndTxTransfer) for UART_EndTxTransfer
    stm32l4xx_hal_uart.o(i.HAL_UART_DMAStop) refers to stm32l4xx_hal_uart.o(i.UART_EndRxTransfer) for UART_EndRxTransfer
    stm32l4xx_hal_uart.o(i.HAL_UART_DeInit) refers to stm32l4xx_hal_msp.o(i.HAL_UART_MspDeInit) for HAL_UART_MspDeInit
    stm32l4xx_hal_uart.o(i.HAL_UART_IRQHandler) refers to stm32l4xx_hal_uart.o(i.UART_EndRxTransfer) for UART_EndRxTransfer
    stm32l4xx_hal_uart.o(i.HAL_UART_IRQHandler) refers to stm32l4xx_hal_dma.o(i.HAL_DMA_Abort_IT) for HAL_DMA_Abort_IT
    stm32l4xx_hal_uart.o(i.HAL_UART_IRQHandler) refers to stm32l4xx_hal_uart.o(i.HAL_UART_ErrorCallback) for HAL_UART_ErrorCallback
    stm32l4xx_hal_uart.o(i.HAL_UART_IRQHandler) refers to stm32l4xx_hal_uart_ex.o(i.HAL_UARTEx_WakeupCallback) for HAL_UARTEx_WakeupCallback
    stm32l4xx_hal_uart.o(i.HAL_UART_IRQHandler) refers to stm32l4xx_hal_uart.o(i.HAL_UART_TxCpltCallback) for HAL_UART_TxCpltCallback
    stm32l4xx_hal_uart.o(i.HAL_UART_IRQHandler) refers to stm32l4xx_hal_uart.o(i.UART_DMAAbortOnError) for UART_DMAAbortOnError
    stm32l4xx_hal_uart.o(i.HAL_UART_Init) refers to stm32l4xx_hal_msp.o(i.HAL_UART_MspInit) for HAL_UART_MspInit
    stm32l4xx_hal_uart.o(i.HAL_UART_Init) refers to stm32l4xx_hal_uart.o(i.UART_SetConfig) for UART_SetConfig
    stm32l4xx_hal_uart.o(i.HAL_UART_Init) refers to stm32l4xx_hal_uart.o(i.UART_AdvFeatureConfig) for UART_AdvFeatureConfig
    stm32l4xx_hal_uart.o(i.HAL_UART_Init) refers to stm32l4xx_hal_uart.o(i.UART_CheckIdleState) for UART_CheckIdleState
    stm32l4xx_hal_uart.o(i.HAL_UART_Receive) refers to stm32l4xx_hal.o(i.HAL_GetTick) for HAL_GetTick
    stm32l4xx_hal_uart.o(i.HAL_UART_Receive) refers to stm32l4xx_hal_uart.o(i.UART_WaitOnFlagUntilTimeout) for UART_WaitOnFlagUntilTimeout
    stm32l4xx_hal_uart.o(i.HAL_UART_Receive_DMA) refers to stm32l4xx_hal_dma.o(i.HAL_DMA_Start_IT) for HAL_DMA_Start_IT
    stm32l4xx_hal_uart.o(i.HAL_UART_Receive_DMA) refers to stm32l4xx_hal_uart.o(i.UART_DMAReceiveCplt) for UART_DMAReceiveCplt
    stm32l4xx_hal_uart.o(i.HAL_UART_Receive_DMA) refers to stm32l4xx_hal_uart.o(i.UART_DMARxHalfCplt) for UART_DMARxHalfCplt
    stm32l4xx_hal_uart.o(i.HAL_UART_Receive_DMA) refers to stm32l4xx_hal_uart.o(i.UART_DMAError) for UART_DMAError
    stm32l4xx_hal_uart.o(i.HAL_UART_Receive_IT) refers to stm32l4xx_hal_uart.o(i.UART_RxISR_8BIT) for UART_RxISR_8BIT
    stm32l4xx_hal_uart.o(i.HAL_UART_Receive_IT) refers to stm32l4xx_hal_uart.o(i.UART_RxISR_16BIT) for UART_RxISR_16BIT
    stm32l4xx_hal_uart.o(i.HAL_UART_Transmit) refers to stm32l4xx_hal.o(i.HAL_GetTick) for HAL_GetTick
    stm32l4xx_hal_uart.o(i.HAL_UART_Transmit) refers to stm32l4xx_hal_uart.o(i.UART_WaitOnFlagUntilTimeout) for UART_WaitOnFlagUntilTimeout
    stm32l4xx_hal_uart.o(i.HAL_UART_Transmit_DMA) refers to stm32l4xx_hal_dma.o(i.HAL_DMA_Start_IT) for HAL_DMA_Start_IT
    stm32l4xx_hal_uart.o(i.HAL_UART_Transmit_DMA) refers to stm32l4xx_hal_uart.o(i.UART_DMATransmitCplt) for UART_DMATransmitCplt
    stm32l4xx_hal_uart.o(i.HAL_UART_Transmit_DMA) refers to stm32l4xx_hal_uart.o(i.UART_DMATxHalfCplt) for UART_DMATxHalfCplt
    stm32l4xx_hal_uart.o(i.HAL_UART_Transmit_DMA) refers to stm32l4xx_hal_uart.o(i.UART_DMAError) for UART_DMAError
    stm32l4xx_hal_uart.o(i.HAL_UART_Transmit_IT) refers to stm32l4xx_hal_uart.o(i.UART_TxISR_8BIT) for UART_TxISR_8BIT
    stm32l4xx_hal_uart.o(i.HAL_UART_Transmit_IT) refers to stm32l4xx_hal_uart.o(i.UART_TxISR_16BIT) for UART_TxISR_16BIT
    stm32l4xx_hal_uart.o(i.UART_CheckIdleState) refers to stm32l4xx_hal.o(i.HAL_GetTick) for HAL_GetTick
    stm32l4xx_hal_uart.o(i.UART_CheckIdleState) refers to stm32l4xx_hal_uart.o(i.UART_WaitOnFlagUntilTimeout) for UART_WaitOnFlagUntilTimeout
    stm32l4xx_hal_uart.o(i.UART_DMAAbortOnError) refers to stm32l4xx_hal_uart.o(i.HAL_UART_ErrorCallback) for HAL_UART_ErrorCallback
    stm32l4xx_hal_uart.o(i.UART_DMAError) refers to stm32l4xx_hal_uart.o(i.UART_EndTxTransfer) for UART_EndTxTransfer
    stm32l4xx_hal_uart.o(i.UART_DMAError) refers to stm32l4xx_hal_uart.o(i.UART_EndRxTransfer) for UART_EndRxTransfer
    stm32l4xx_hal_uart.o(i.UART_DMAError) refers to stm32l4xx_hal_uart.o(i.HAL_UART_ErrorCallback) for HAL_UART_ErrorCallback
    stm32l4xx_hal_uart.o(i.UART_DMAReceiveCplt) refers to stm32l4xx_hal_uart.o(i.HAL_UART_RxCpltCallback) for HAL_UART_RxCpltCallback
    stm32l4xx_hal_uart.o(i.UART_DMARxAbortCallback) refers to stm32l4xx_hal_uart.o(i.HAL_UART_AbortCpltCallback) for HAL_UART_AbortCpltCallback
    stm32l4xx_hal_uart.o(i.UART_DMARxHalfCplt) refers to stm32l4xx_hal_uart.o(i.HAL_UART_RxHalfCpltCallback) for HAL_UART_RxHalfCpltCallback
    stm32l4xx_hal_uart.o(i.UART_DMARxOnlyAbortCallback) refers to stm32l4xx_hal_uart.o(i.HAL_UART_AbortReceiveCpltCallback) for HAL_UART_AbortReceiveCpltCallback
    stm32l4xx_hal_uart.o(i.UART_DMATransmitCplt) refers to stm32l4xx_hal_uart.o(i.HAL_UART_TxCpltCallback) for HAL_UART_TxCpltCallback
    stm32l4xx_hal_uart.o(i.UART_DMATxAbortCallback) refers to stm32l4xx_hal_uart.o(i.HAL_UART_AbortCpltCallback) for HAL_UART_AbortCpltCallback
    stm32l4xx_hal_uart.o(i.UART_DMATxHalfCplt) refers to stm32l4xx_hal_uart.o(i.HAL_UART_TxHalfCpltCallback) for HAL_UART_TxHalfCpltCallback
    stm32l4xx_hal_uart.o(i.UART_DMATxOnlyAbortCallback) refers to stm32l4xx_hal_uart.o(i.HAL_UART_AbortTransmitCpltCallback) for HAL_UART_AbortTransmitCpltCallback
    stm32l4xx_hal_uart.o(i.UART_RxISR_16BIT) refers to stm32l4xx_hal_uart.o(i.HAL_UART_RxCpltCallback) for HAL_UART_RxCpltCallback
    stm32l4xx_hal_uart.o(i.UART_RxISR_8BIT) refers to stm32l4xx_hal_uart.o(i.HAL_UART_RxCpltCallback) for HAL_UART_RxCpltCallback
    stm32l4xx_hal_uart.o(i.UART_SetConfig) refers to stm32l4xx_hal_rcc.o(i.HAL_RCC_GetPCLK1Freq) for HAL_RCC_GetPCLK1Freq
    stm32l4xx_hal_uart.o(i.UART_SetConfig) refers to stm32l4xx_hal_rcc.o(i.HAL_RCC_GetSysClockFreq) for HAL_RCC_GetSysClockFreq
    stm32l4xx_hal_uart.o(i.UART_SetConfig) refers to uldiv.o(.text) for __aeabi_uldivmod
    stm32l4xx_hal_uart.o(i.UART_SetConfig) refers to stm32l4xx_hal_rcc.o(i.HAL_RCC_GetPCLK2Freq) for HAL_RCC_GetPCLK2Freq
    stm32l4xx_hal_uart.o(i.UART_WaitOnFlagUntilTimeout) refers to stm32l4xx_hal.o(i.HAL_GetTick) for HAL_GetTick
    stm32l4xx_hal_uart_ex.o(i.HAL_MultiProcessorEx_AddressLength_Set) refers to stm32l4xx_hal_uart.o(i.UART_CheckIdleState) for UART_CheckIdleState
    stm32l4xx_hal_uart_ex.o(i.HAL_RS485Ex_Init) refers to stm32l4xx_hal_msp.o(i.HAL_UART_MspInit) for HAL_UART_MspInit
    stm32l4xx_hal_uart_ex.o(i.HAL_RS485Ex_Init) refers to stm32l4xx_hal_uart.o(i.UART_SetConfig) for UART_SetConfig
    stm32l4xx_hal_uart_ex.o(i.HAL_RS485Ex_Init) refers to stm32l4xx_hal_uart.o(i.UART_AdvFeatureConfig) for UART_AdvFeatureConfig
    stm32l4xx_hal_uart_ex.o(i.HAL_RS485Ex_Init) refers to stm32l4xx_hal_uart.o(i.UART_CheckIdleState) for UART_CheckIdleState
    stm32l4xx_hal_uart_ex.o(i.HAL_UARTEx_StopModeWakeUpSourceConfig) refers to stm32l4xx_hal.o(i.HAL_GetTick) for HAL_GetTick
    stm32l4xx_hal_uart_ex.o(i.HAL_UARTEx_StopModeWakeUpSourceConfig) refers to stm32l4xx_hal_uart.o(i.UART_WaitOnFlagUntilTimeout) for UART_WaitOnFlagUntilTimeout
    stm32l4xx_hal.o(i.HAL_DeInit) refers to stm32l4xx_hal.o(i.HAL_MspDeInit) for HAL_MspDeInit
    stm32l4xx_hal.o(i.HAL_Delay) refers to stm32l4xx_hal.o(i.HAL_GetTick) for HAL_GetTick
    stm32l4xx_hal.o(i.HAL_GetTick) refers to stm32l4xx_hal.o(.data) for .data
    stm32l4xx_hal.o(i.HAL_IncTick) refers to stm32l4xx_hal.o(.data) for .data
    stm32l4xx_hal.o(i.HAL_Init) refers to stm32l4xx_hal_cortex.o(i.HAL_NVIC_SetPriorityGrouping) for HAL_NVIC_SetPriorityGrouping
    stm32l4xx_hal.o(i.HAL_Init) refers to stm32l4xx_hal.o(i.HAL_InitTick) for HAL_InitTick
    stm32l4xx_hal.o(i.HAL_Init) refers to stm32l4xx_hal_msp.o(i.HAL_MspInit) for HAL_MspInit
    stm32l4xx_hal.o(i.HAL_InitTick) refers to stm32l4xx_hal_cortex.o(i.HAL_SYSTICK_Config) for HAL_SYSTICK_Config
    stm32l4xx_hal.o(i.HAL_InitTick) refers to stm32l4xx_hal_cortex.o(i.HAL_NVIC_SetPriority) for HAL_NVIC_SetPriority
    stm32l4xx_hal.o(i.HAL_InitTick) refers to system_stm32l4xx.o(.data) for SystemCoreClock
    stm32l4xx_hal.o(i.HAL_SYSCFG_EnableVREFBUF) refers to stm32l4xx_hal.o(i.HAL_GetTick) for HAL_GetTick
    stm32l4xx_hal_i2c.o(i.HAL_I2C_DeInit) refers to stm32l4xx_hal_i2c.o(i.HAL_I2C_MspDeInit) for HAL_I2C_MspDeInit
    stm32l4xx_hal_i2c.o(i.HAL_I2C_DisableListen_IT) refers to stm32l4xx_hal_i2c.o(i.I2C_Disable_IRQ) for I2C_Disable_IRQ
    stm32l4xx_hal_i2c.o(i.HAL_I2C_ER_IRQHandler) refers to stm32l4xx_hal_i2c.o(i.I2C_ITError) for I2C_ITError
    stm32l4xx_hal_i2c.o(i.HAL_I2C_EnableListen_IT) refers to stm32l4xx_hal_i2c.o(i.I2C_Enable_IRQ) for I2C_Enable_IRQ
    stm32l4xx_hal_i2c.o(i.HAL_I2C_EnableListen_IT) refers to stm32l4xx_hal_i2c.o(i.I2C_Slave_ISR_IT) for I2C_Slave_ISR_IT
    stm32l4xx_hal_i2c.o(i.HAL_I2C_Init) refers to stm32l4xx_hal_i2c.o(i.HAL_I2C_MspInit) for HAL_I2C_MspInit
    stm32l4xx_hal_i2c.o(i.HAL_I2C_IsDeviceReady) refers to stm32l4xx_hal.o(i.HAL_GetTick) for HAL_GetTick
    stm32l4xx_hal_i2c.o(i.HAL_I2C_IsDeviceReady) refers to stm32l4xx_hal_i2c.o(i.I2C_WaitOnFlagUntilTimeout) for I2C_WaitOnFlagUntilTimeout
    stm32l4xx_hal_i2c.o(i.HAL_I2C_Master_Abort_IT) refers to stm32l4xx_hal_i2c.o(i.I2C_Disable_IRQ) for I2C_Disable_IRQ
    stm32l4xx_hal_i2c.o(i.HAL_I2C_Master_Abort_IT) refers to stm32l4xx_hal_i2c.o(i.I2C_TransferConfig) for I2C_TransferConfig
    stm32l4xx_hal_i2c.o(i.HAL_I2C_Master_Abort_IT) refers to stm32l4xx_hal_i2c.o(i.I2C_Enable_IRQ) for I2C_Enable_IRQ
    stm32l4xx_hal_i2c.o(i.HAL_I2C_Master_Receive) refers to stm32l4xx_hal.o(i.HAL_GetTick) for HAL_GetTick
    stm32l4xx_hal_i2c.o(i.HAL_I2C_Master_Receive) refers to stm32l4xx_hal_i2c.o(i.I2C_WaitOnFlagUntilTimeout) for I2C_WaitOnFlagUntilTimeout
    stm32l4xx_hal_i2c.o(i.HAL_I2C_Master_Receive) refers to stm32l4xx_hal_i2c.o(i.I2C_TransferConfig) for I2C_TransferConfig
    stm32l4xx_hal_i2c.o(i.HAL_I2C_Master_Receive) refers to stm32l4xx_hal_i2c.o(i.I2C_WaitOnRXNEFlagUntilTimeout) for I2C_WaitOnRXNEFlagUntilTimeout
    stm32l4xx_hal_i2c.o(i.HAL_I2C_Master_Receive) refers to stm32l4xx_hal_i2c.o(i.I2C_WaitOnSTOPFlagUntilTimeout) for I2C_WaitOnSTOPFlagUntilTimeout
    stm32l4xx_hal_i2c.o(i.HAL_I2C_Master_Receive_DMA) refers to stm32l4xx_hal_dma.o(i.HAL_DMA_Start_IT) for HAL_DMA_Start_IT
    stm32l4xx_hal_i2c.o(i.HAL_I2C_Master_Receive_DMA) refers to stm32l4xx_hal_i2c.o(i.I2C_TransferConfig) for I2C_TransferConfig
    stm32l4xx_hal_i2c.o(i.HAL_I2C_Master_Receive_DMA) refers to stm32l4xx_hal_i2c.o(i.I2C_Enable_IRQ) for I2C_Enable_IRQ
    stm32l4xx_hal_i2c.o(i.HAL_I2C_Master_Receive_DMA) refers to stm32l4xx_hal_i2c.o(i.I2C_Master_ISR_DMA) for I2C_Master_ISR_DMA
    stm32l4xx_hal_i2c.o(i.HAL_I2C_Master_Receive_DMA) refers to stm32l4xx_hal_i2c.o(i.I2C_DMAMasterReceiveCplt) for I2C_DMAMasterReceiveCplt
    stm32l4xx_hal_i2c.o(i.HAL_I2C_Master_Receive_DMA) refers to stm32l4xx_hal_i2c.o(i.I2C_DMAError) for I2C_DMAError
    stm32l4xx_hal_i2c.o(i.HAL_I2C_Master_Receive_DMA) refers to stm32l4xx_hal_i2c.o(i.I2C_Master_ISR_IT) for I2C_Master_ISR_IT
    stm32l4xx_hal_i2c.o(i.HAL_I2C_Master_Receive_IT) refers to stm32l4xx_hal_i2c.o(i.I2C_TransferConfig) for I2C_TransferConfig
    stm32l4xx_hal_i2c.o(i.HAL_I2C_Master_Receive_IT) refers to stm32l4xx_hal_i2c.o(i.I2C_Enable_IRQ) for I2C_Enable_IRQ
    stm32l4xx_hal_i2c.o(i.HAL_I2C_Master_Receive_IT) refers to stm32l4xx_hal_i2c.o(i.I2C_Master_ISR_IT) for I2C_Master_ISR_IT
    stm32l4xx_hal_i2c.o(i.HAL_I2C_Master_Sequential_Receive_DMA) refers to stm32l4xx_hal_i2c.o(i.I2C_ConvertOtherXferOptions) for I2C_ConvertOtherXferOptions
    stm32l4xx_hal_i2c.o(i.HAL_I2C_Master_Sequential_Receive_DMA) refers to stm32l4xx_hal_dma.o(i.HAL_DMA_Start_IT) for HAL_DMA_Start_IT
    stm32l4xx_hal_i2c.o(i.HAL_I2C_Master_Sequential_Receive_DMA) refers to stm32l4xx_hal_i2c.o(i.I2C_TransferConfig) for I2C_TransferConfig
    stm32l4xx_hal_i2c.o(i.HAL_I2C_Master_Sequential_Receive_DMA) refers to stm32l4xx_hal_i2c.o(i.I2C_Enable_IRQ) for I2C_Enable_IRQ
    stm32l4xx_hal_i2c.o(i.HAL_I2C_Master_Sequential_Receive_DMA) refers to stm32l4xx_hal_i2c.o(i.I2C_Master_ISR_DMA) for I2C_Master_ISR_DMA
    stm32l4xx_hal_i2c.o(i.HAL_I2C_Master_Sequential_Receive_DMA) refers to stm32l4xx_hal_i2c.o(i.I2C_DMAMasterReceiveCplt) for I2C_DMAMasterReceiveCplt
    stm32l4xx_hal_i2c.o(i.HAL_I2C_Master_Sequential_Receive_DMA) refers to stm32l4xx_hal_i2c.o(i.I2C_DMAError) for I2C_DMAError
    stm32l4xx_hal_i2c.o(i.HAL_I2C_Master_Sequential_Receive_DMA) refers to stm32l4xx_hal_i2c.o(i.I2C_Master_ISR_IT) for I2C_Master_ISR_IT
    stm32l4xx_hal_i2c.o(i.HAL_I2C_Master_Sequential_Receive_IT) refers to stm32l4xx_hal_i2c.o(i.I2C_ConvertOtherXferOptions) for I2C_ConvertOtherXferOptions
    stm32l4xx_hal_i2c.o(i.HAL_I2C_Master_Sequential_Receive_IT) refers to stm32l4xx_hal_i2c.o(i.I2C_TransferConfig) for I2C_TransferConfig
    stm32l4xx_hal_i2c.o(i.HAL_I2C_Master_Sequential_Receive_IT) refers to stm32l4xx_hal_i2c.o(i.I2C_Enable_IRQ) for I2C_Enable_IRQ
    stm32l4xx_hal_i2c.o(i.HAL_I2C_Master_Sequential_Receive_IT) refers to stm32l4xx_hal_i2c.o(i.I2C_Master_ISR_IT) for I2C_Master_ISR_IT
    stm32l4xx_hal_i2c.o(i.HAL_I2C_Master_Sequential_Transmit_DMA) refers to stm32l4xx_hal_i2c.o(i.I2C_ConvertOtherXferOptions) for I2C_ConvertOtherXferOptions
    stm32l4xx_hal_i2c.o(i.HAL_I2C_Master_Sequential_Transmit_DMA) refers to stm32l4xx_hal_dma.o(i.HAL_DMA_Start_IT) for HAL_DMA_Start_IT
    stm32l4xx_hal_i2c.o(i.HAL_I2C_Master_Sequential_Transmit_DMA) refers to stm32l4xx_hal_i2c.o(i.I2C_TransferConfig) for I2C_TransferConfig
    stm32l4xx_hal_i2c.o(i.HAL_I2C_Master_Sequential_Transmit_DMA) refers to stm32l4xx_hal_i2c.o(i.I2C_Enable_IRQ) for I2C_Enable_IRQ
    stm32l4xx_hal_i2c.o(i.HAL_I2C_Master_Sequential_Transmit_DMA) refers to stm32l4xx_hal_i2c.o(i.I2C_Master_ISR_DMA) for I2C_Master_ISR_DMA
    stm32l4xx_hal_i2c.o(i.HAL_I2C_Master_Sequential_Transmit_DMA) refers to stm32l4xx_hal_i2c.o(i.I2C_DMAMasterTransmitCplt) for I2C_DMAMasterTransmitCplt
    stm32l4xx_hal_i2c.o(i.HAL_I2C_Master_Sequential_Transmit_DMA) refers to stm32l4xx_hal_i2c.o(i.I2C_DMAError) for I2C_DMAError
    stm32l4xx_hal_i2c.o(i.HAL_I2C_Master_Sequential_Transmit_DMA) refers to stm32l4xx_hal_i2c.o(i.I2C_Master_ISR_IT) for I2C_Master_ISR_IT
    stm32l4xx_hal_i2c.o(i.HAL_I2C_Master_Sequential_Transmit_IT) refers to stm32l4xx_hal_i2c.o(i.I2C_ConvertOtherXferOptions) for I2C_ConvertOtherXferOptions
    stm32l4xx_hal_i2c.o(i.HAL_I2C_Master_Sequential_Transmit_IT) refers to stm32l4xx_hal_i2c.o(i.I2C_TransferConfig) for I2C_TransferConfig
    stm32l4xx_hal_i2c.o(i.HAL_I2C_Master_Sequential_Transmit_IT) refers to stm32l4xx_hal_i2c.o(i.I2C_Enable_IRQ) for I2C_Enable_IRQ
    stm32l4xx_hal_i2c.o(i.HAL_I2C_Master_Sequential_Transmit_IT) refers to stm32l4xx_hal_i2c.o(i.I2C_Master_ISR_IT) for I2C_Master_ISR_IT
    stm32l4xx_hal_i2c.o(i.HAL_I2C_Master_Transmit) refers to stm32l4xx_hal.o(i.HAL_GetTick) for HAL_GetTick
    stm32l4xx_hal_i2c.o(i.HAL_I2C_Master_Transmit) refers to stm32l4xx_hal_i2c.o(i.I2C_WaitOnFlagUntilTimeout) for I2C_WaitOnFlagUntilTimeout
    stm32l4xx_hal_i2c.o(i.HAL_I2C_Master_Transmit) refers to stm32l4xx_hal_i2c.o(i.I2C_TransferConfig) for I2C_TransferConfig
    stm32l4xx_hal_i2c.o(i.HAL_I2C_Master_Transmit) refers to stm32l4xx_hal_i2c.o(i.I2C_WaitOnTXISFlagUntilTimeout) for I2C_WaitOnTXISFlagUntilTimeout
    stm32l4xx_hal_i2c.o(i.HAL_I2C_Master_Transmit) refers to stm32l4xx_hal_i2c.o(i.I2C_WaitOnSTOPFlagUntilTimeout) for I2C_WaitOnSTOPFlagUntilTimeout
    stm32l4xx_hal_i2c.o(i.HAL_I2C_Master_Transmit_DMA) refers to stm32l4xx_hal_dma.o(i.HAL_DMA_Start_IT) for HAL_DMA_Start_IT
    stm32l4xx_hal_i2c.o(i.HAL_I2C_Master_Transmit_DMA) refers to stm32l4xx_hal_i2c.o(i.I2C_TransferConfig) for I2C_TransferConfig
    stm32l4xx_hal_i2c.o(i.HAL_I2C_Master_Transmit_DMA) refers to stm32l4xx_hal_i2c.o(i.I2C_Enable_IRQ) for I2C_Enable_IRQ
    stm32l4xx_hal_i2c.o(i.HAL_I2C_Master_Transmit_DMA) refers to stm32l4xx_hal_i2c.o(i.I2C_Master_ISR_DMA) for I2C_Master_ISR_DMA
    stm32l4xx_hal_i2c.o(i.HAL_I2C_Master_Transmit_DMA) refers to stm32l4xx_hal_i2c.o(i.I2C_DMAMasterTransmitCplt) for I2C_DMAMasterTransmitCplt
    stm32l4xx_hal_i2c.o(i.HAL_I2C_Master_Transmit_DMA) refers to stm32l4xx_hal_i2c.o(i.I2C_DMAError) for I2C_DMAError
    stm32l4xx_hal_i2c.o(i.HAL_I2C_Master_Transmit_DMA) refers to stm32l4xx_hal_i2c.o(i.I2C_Master_ISR_IT) for I2C_Master_ISR_IT
    stm32l4xx_hal_i2c.o(i.HAL_I2C_Master_Transmit_IT) refers to stm32l4xx_hal_i2c.o(i.I2C_TransferConfig) for I2C_TransferConfig
    stm32l4xx_hal_i2c.o(i.HAL_I2C_Master_Transmit_IT) refers to stm32l4xx_hal_i2c.o(i.I2C_Enable_IRQ) for I2C_Enable_IRQ
    stm32l4xx_hal_i2c.o(i.HAL_I2C_Master_Transmit_IT) refers to stm32l4xx_hal_i2c.o(i.I2C_Master_ISR_IT) for I2C_Master_ISR_IT
    stm32l4xx_hal_i2c.o(i.HAL_I2C_Mem_Read) refers to stm32l4xx_hal.o(i.HAL_GetTick) for HAL_GetTick
    stm32l4xx_hal_i2c.o(i.HAL_I2C_Mem_Read) refers to stm32l4xx_hal_i2c.o(i.I2C_WaitOnFlagUntilTimeout) for I2C_WaitOnFlagUntilTimeout
    stm32l4xx_hal_i2c.o(i.HAL_I2C_Mem_Read) refers to stm32l4xx_hal_i2c.o(i.I2C_RequestMemoryRead) for I2C_RequestMemoryRead
    stm32l4xx_hal_i2c.o(i.HAL_I2C_Mem_Read) refers to stm32l4xx_hal_i2c.o(i.I2C_TransferConfig) for I2C_TransferConfig
    stm32l4xx_hal_i2c.o(i.HAL_I2C_Mem_Read) refers to stm32l4xx_hal_i2c.o(i.I2C_WaitOnSTOPFlagUntilTimeout) for I2C_WaitOnSTOPFlagUntilTimeout
    stm32l4xx_hal_i2c.o(i.HAL_I2C_Mem_Read_DMA) refers to stm32l4xx_hal.o(i.HAL_GetTick) for HAL_GetTick
    stm32l4xx_hal_i2c.o(i.HAL_I2C_Mem_Read_DMA) refers to stm32l4xx_hal_i2c.o(i.I2C_RequestMemoryRead) for I2C_RequestMemoryRead
    stm32l4xx_hal_i2c.o(i.HAL_I2C_Mem_Read_DMA) refers to stm32l4xx_hal_dma.o(i.HAL_DMA_Start_IT) for HAL_DMA_Start_IT
    stm32l4xx_hal_i2c.o(i.HAL_I2C_Mem_Read_DMA) refers to stm32l4xx_hal_i2c.o(i.I2C_TransferConfig) for I2C_TransferConfig
    stm32l4xx_hal_i2c.o(i.HAL_I2C_Mem_Read_DMA) refers to stm32l4xx_hal_i2c.o(i.I2C_Enable_IRQ) for I2C_Enable_IRQ
    stm32l4xx_hal_i2c.o(i.HAL_I2C_Mem_Read_DMA) refers to stm32l4xx_hal_i2c.o(i.I2C_Master_ISR_DMA) for I2C_Master_ISR_DMA
    stm32l4xx_hal_i2c.o(i.HAL_I2C_Mem_Read_DMA) refers to stm32l4xx_hal_i2c.o(i.I2C_DMAMasterReceiveCplt) for I2C_DMAMasterReceiveCplt
    stm32l4xx_hal_i2c.o(i.HAL_I2C_Mem_Read_DMA) refers to stm32l4xx_hal_i2c.o(i.I2C_DMAError) for I2C_DMAError
    stm32l4xx_hal_i2c.o(i.HAL_I2C_Mem_Read_IT) refers to stm32l4xx_hal.o(i.HAL_GetTick) for HAL_GetTick
    stm32l4xx_hal_i2c.o(i.HAL_I2C_Mem_Read_IT) refers to stm32l4xx_hal_i2c.o(i.I2C_RequestMemoryRead) for I2C_RequestMemoryRead
    stm32l4xx_hal_i2c.o(i.HAL_I2C_Mem_Read_IT) refers to stm32l4xx_hal_i2c.o(i.I2C_TransferConfig) for I2C_TransferConfig
    stm32l4xx_hal_i2c.o(i.HAL_I2C_Mem_Read_IT) refers to stm32l4xx_hal_i2c.o(i.I2C_Enable_IRQ) for I2C_Enable_IRQ
    stm32l4xx_hal_i2c.o(i.HAL_I2C_Mem_Read_IT) refers to stm32l4xx_hal_i2c.o(i.I2C_Master_ISR_IT) for I2C_Master_ISR_IT
    stm32l4xx_hal_i2c.o(i.HAL_I2C_Mem_Write) refers to stm32l4xx_hal.o(i.HAL_GetTick) for HAL_GetTick
    stm32l4xx_hal_i2c.o(i.HAL_I2C_Mem_Write) refers to stm32l4xx_hal_i2c.o(i.I2C_WaitOnFlagUntilTimeout) for I2C_WaitOnFlagUntilTimeout
    stm32l4xx_hal_i2c.o(i.HAL_I2C_Mem_Write) refers to stm32l4xx_hal_i2c.o(i.I2C_RequestMemoryWrite) for I2C_RequestMemoryWrite
    stm32l4xx_hal_i2c.o(i.HAL_I2C_Mem_Write) refers to stm32l4xx_hal_i2c.o(i.I2C_TransferConfig) for I2C_TransferConfig
    stm32l4xx_hal_i2c.o(i.HAL_I2C_Mem_Write) refers to stm32l4xx_hal_i2c.o(i.I2C_WaitOnTXISFlagUntilTimeout) for I2C_WaitOnTXISFlagUntilTimeout
    stm32l4xx_hal_i2c.o(i.HAL_I2C_Mem_Write) refers to stm32l4xx_hal_i2c.o(i.I2C_WaitOnSTOPFlagUntilTimeout) for I2C_WaitOnSTOPFlagUntilTimeout
    stm32l4xx_hal_i2c.o(i.HAL_I2C_Mem_Write_DMA) refers to stm32l4xx_hal.o(i.HAL_GetTick) for HAL_GetTick
    stm32l4xx_hal_i2c.o(i.HAL_I2C_Mem_Write_DMA) refers to stm32l4xx_hal_i2c.o(i.I2C_RequestMemoryWrite) for I2C_RequestMemoryWrite
    stm32l4xx_hal_i2c.o(i.HAL_I2C_Mem_Write_DMA) refers to stm32l4xx_hal_dma.o(i.HAL_DMA_Start_IT) for HAL_DMA_Start_IT
    stm32l4xx_hal_i2c.o(i.HAL_I2C_Mem_Write_DMA) refers to stm32l4xx_hal_i2c.o(i.I2C_TransferConfig) for I2C_TransferConfig
    stm32l4xx_hal_i2c.o(i.HAL_I2C_Mem_Write_DMA) refers to stm32l4xx_hal_i2c.o(i.I2C_Enable_IRQ) for I2C_Enable_IRQ
    stm32l4xx_hal_i2c.o(i.HAL_I2C_Mem_Write_DMA) refers to stm32l4xx_hal_i2c.o(i.I2C_Master_ISR_DMA) for I2C_Master_ISR_DMA
    stm32l4xx_hal_i2c.o(i.HAL_I2C_Mem_Write_DMA) refers to stm32l4xx_hal_i2c.o(i.I2C_DMAMasterTransmitCplt) for I2C_DMAMasterTransmitCplt
    stm32l4xx_hal_i2c.o(i.HAL_I2C_Mem_Write_DMA) refers to stm32l4xx_hal_i2c.o(i.I2C_DMAError) for I2C_DMAError
    stm32l4xx_hal_i2c.o(i.HAL_I2C_Mem_Write_IT) refers to stm32l4xx_hal.o(i.HAL_GetTick) for HAL_GetTick
    stm32l4xx_hal_i2c.o(i.HAL_I2C_Mem_Write_IT) refers to stm32l4xx_hal_i2c.o(i.I2C_RequestMemoryWrite) for I2C_RequestMemoryWrite
    stm32l4xx_hal_i2c.o(i.HAL_I2C_Mem_Write_IT) refers to stm32l4xx_hal_i2c.o(i.I2C_TransferConfig) for I2C_TransferConfig
    stm32l4xx_hal_i2c.o(i.HAL_I2C_Mem_Write_IT) refers to stm32l4xx_hal_i2c.o(i.I2C_Enable_IRQ) for I2C_Enable_IRQ
    stm32l4xx_hal_i2c.o(i.HAL_I2C_Mem_Write_IT) refers to stm32l4xx_hal_i2c.o(i.I2C_Master_ISR_IT) for I2C_Master_ISR_IT
    stm32l4xx_hal_i2c.o(i.HAL_I2C_Slave_Receive) refers to stm32l4xx_hal.o(i.HAL_GetTick) for HAL_GetTick
    stm32l4xx_hal_i2c.o(i.HAL_I2C_Slave_Receive) refers to stm32l4xx_hal_i2c.o(i.I2C_WaitOnFlagUntilTimeout) for I2C_WaitOnFlagUntilTimeout
    stm32l4xx_hal_i2c.o(i.HAL_I2C_Slave_Receive) refers to stm32l4xx_hal_i2c.o(i.I2C_WaitOnRXNEFlagUntilTimeout) for I2C_WaitOnRXNEFlagUntilTimeout
    stm32l4xx_hal_i2c.o(i.HAL_I2C_Slave_Receive) refers to stm32l4xx_hal_i2c.o(i.I2C_WaitOnSTOPFlagUntilTimeout) for I2C_WaitOnSTOPFlagUntilTimeout
    stm32l4xx_hal_i2c.o(i.HAL_I2C_Slave_Receive_DMA) refers to stm32l4xx_hal_dma.o(i.HAL_DMA_Start_IT) for HAL_DMA_Start_IT
    stm32l4xx_hal_i2c.o(i.HAL_I2C_Slave_Receive_DMA) refers to stm32l4xx_hal_i2c.o(i.I2C_Enable_IRQ) for I2C_Enable_IRQ
    stm32l4xx_hal_i2c.o(i.HAL_I2C_Slave_Receive_DMA) refers to stm32l4xx_hal_i2c.o(i.I2C_Slave_ISR_DMA) for I2C_Slave_ISR_DMA
    stm32l4xx_hal_i2c.o(i.HAL_I2C_Slave_Receive_DMA) refers to stm32l4xx_hal_i2c.o(i.I2C_DMASlaveReceiveCplt) for I2C_DMASlaveReceiveCplt
    stm32l4xx_hal_i2c.o(i.HAL_I2C_Slave_Receive_DMA) refers to stm32l4xx_hal_i2c.o(i.I2C_DMAError) for I2C_DMAError
    stm32l4xx_hal_i2c.o(i.HAL_I2C_Slave_Receive_IT) refers to stm32l4xx_hal_i2c.o(i.I2C_Enable_IRQ) for I2C_Enable_IRQ
    stm32l4xx_hal_i2c.o(i.HAL_I2C_Slave_Receive_IT) refers to stm32l4xx_hal_i2c.o(i.I2C_Slave_ISR_IT) for I2C_Slave_ISR_IT
    stm32l4xx_hal_i2c.o(i.HAL_I2C_Slave_Sequential_Receive_DMA) refers to stm32l4xx_hal_i2c.o(i.I2C_Disable_IRQ) for I2C_Disable_IRQ
    stm32l4xx_hal_i2c.o(i.HAL_I2C_Slave_Sequential_Receive_DMA) refers to stm32l4xx_hal_dma.o(i.HAL_DMA_Abort_IT) for HAL_DMA_Abort_IT
    stm32l4xx_hal_i2c.o(i.HAL_I2C_Slave_Sequential_Receive_DMA) refers to stm32l4xx_hal_dma.o(i.HAL_DMA_Start_IT) for HAL_DMA_Start_IT
    stm32l4xx_hal_i2c.o(i.HAL_I2C_Slave_Sequential_Receive_DMA) refers to stm32l4xx_hal_i2c.o(i.I2C_Enable_IRQ) for I2C_Enable_IRQ
    stm32l4xx_hal_i2c.o(i.HAL_I2C_Slave_Sequential_Receive_DMA) refers to stm32l4xx_hal_i2c.o(i.I2C_DMAAbort) for I2C_DMAAbort
    stm32l4xx_hal_i2c.o(i.HAL_I2C_Slave_Sequential_Receive_DMA) refers to stm32l4xx_hal_i2c.o(i.I2C_Slave_ISR_DMA) for I2C_Slave_ISR_DMA
    stm32l4xx_hal_i2c.o(i.HAL_I2C_Slave_Sequential_Receive_DMA) refers to stm32l4xx_hal_i2c.o(i.I2C_DMASlaveReceiveCplt) for I2C_DMASlaveReceiveCplt
    stm32l4xx_hal_i2c.o(i.HAL_I2C_Slave_Sequential_Receive_DMA) refers to stm32l4xx_hal_i2c.o(i.I2C_DMAError) for I2C_DMAError
    stm32l4xx_hal_i2c.o(i.HAL_I2C_Slave_Sequential_Receive_IT) refers to stm32l4xx_hal_i2c.o(i.I2C_Disable_IRQ) for I2C_Disable_IRQ
    stm32l4xx_hal_i2c.o(i.HAL_I2C_Slave_Sequential_Receive_IT) refers to stm32l4xx_hal_dma.o(i.HAL_DMA_Abort_IT) for HAL_DMA_Abort_IT
    stm32l4xx_hal_i2c.o(i.HAL_I2C_Slave_Sequential_Receive_IT) refers to stm32l4xx_hal_i2c.o(i.I2C_Enable_IRQ) for I2C_Enable_IRQ
    stm32l4xx_hal_i2c.o(i.HAL_I2C_Slave_Sequential_Receive_IT) refers to stm32l4xx_hal_i2c.o(i.I2C_DMAAbort) for I2C_DMAAbort
    stm32l4xx_hal_i2c.o(i.HAL_I2C_Slave_Sequential_Receive_IT) refers to stm32l4xx_hal_i2c.o(i.I2C_Slave_ISR_IT) for I2C_Slave_ISR_IT
    stm32l4xx_hal_i2c.o(i.HAL_I2C_Slave_Sequential_Transmit_DMA) refers to stm32l4xx_hal_i2c.o(i.I2C_Disable_IRQ) for I2C_Disable_IRQ
    stm32l4xx_hal_i2c.o(i.HAL_I2C_Slave_Sequential_Transmit_DMA) refers to stm32l4xx_hal_dma.o(i.HAL_DMA_Abort_IT) for HAL_DMA_Abort_IT
    stm32l4xx_hal_i2c.o(i.HAL_I2C_Slave_Sequential_Transmit_DMA) refers to stm32l4xx_hal_dma.o(i.HAL_DMA_Start_IT) for HAL_DMA_Start_IT
    stm32l4xx_hal_i2c.o(i.HAL_I2C_Slave_Sequential_Transmit_DMA) refers to stm32l4xx_hal_i2c.o(i.I2C_Enable_IRQ) for I2C_Enable_IRQ
    stm32l4xx_hal_i2c.o(i.HAL_I2C_Slave_Sequential_Transmit_DMA) refers to stm32l4xx_hal_i2c.o(i.I2C_DMAAbort) for I2C_DMAAbort
    stm32l4xx_hal_i2c.o(i.HAL_I2C_Slave_Sequential_Transmit_DMA) refers to stm32l4xx_hal_i2c.o(i.I2C_Slave_ISR_DMA) for I2C_Slave_ISR_DMA
    stm32l4xx_hal_i2c.o(i.HAL_I2C_Slave_Sequential_Transmit_DMA) refers to stm32l4xx_hal_i2c.o(i.I2C_DMASlaveTransmitCplt) for I2C_DMASlaveTransmitCplt
    stm32l4xx_hal_i2c.o(i.HAL_I2C_Slave_Sequential_Transmit_DMA) refers to stm32l4xx_hal_i2c.o(i.I2C_DMAError) for I2C_DMAError
    stm32l4xx_hal_i2c.o(i.HAL_I2C_Slave_Sequential_Transmit_IT) refers to stm32l4xx_hal_i2c.o(i.I2C_Disable_IRQ) for I2C_Disable_IRQ
    stm32l4xx_hal_i2c.o(i.HAL_I2C_Slave_Sequential_Transmit_IT) refers to stm32l4xx_hal_dma.o(i.HAL_DMA_Abort_IT) for HAL_DMA_Abort_IT
    stm32l4xx_hal_i2c.o(i.HAL_I2C_Slave_Sequential_Transmit_IT) refers to stm32l4xx_hal_i2c.o(i.I2C_Enable_IRQ) for I2C_Enable_IRQ
    stm32l4xx_hal_i2c.o(i.HAL_I2C_Slave_Sequential_Transmit_IT) refers to stm32l4xx_hal_i2c.o(i.I2C_DMAAbort) for I2C_DMAAbort
    stm32l4xx_hal_i2c.o(i.HAL_I2C_Slave_Sequential_Transmit_IT) refers to stm32l4xx_hal_i2c.o(i.I2C_Slave_ISR_IT) for I2C_Slave_ISR_IT
    stm32l4xx_hal_i2c.o(i.HAL_I2C_Slave_Transmit) refers to stm32l4xx_hal.o(i.HAL_GetTick) for HAL_GetTick
    stm32l4xx_hal_i2c.o(i.HAL_I2C_Slave_Transmit) refers to stm32l4xx_hal_i2c.o(i.I2C_WaitOnFlagUntilTimeout) for I2C_WaitOnFlagUntilTimeout
    stm32l4xx_hal_i2c.o(i.HAL_I2C_Slave_Transmit) refers to stm32l4xx_hal_i2c.o(i.I2C_WaitOnTXISFlagUntilTimeout) for I2C_WaitOnTXISFlagUntilTimeout
    stm32l4xx_hal_i2c.o(i.HAL_I2C_Slave_Transmit) refers to stm32l4xx_hal_i2c.o(i.I2C_WaitOnSTOPFlagUntilTimeout) for I2C_WaitOnSTOPFlagUntilTimeout
    stm32l4xx_hal_i2c.o(i.HAL_I2C_Slave_Transmit_DMA) refers to stm32l4xx_hal_dma.o(i.HAL_DMA_Start_IT) for HAL_DMA_Start_IT
    stm32l4xx_hal_i2c.o(i.HAL_I2C_Slave_Transmit_DMA) refers to stm32l4xx_hal_i2c.o(i.I2C_Enable_IRQ) for I2C_Enable_IRQ
    stm32l4xx_hal_i2c.o(i.HAL_I2C_Slave_Transmit_DMA) refers to stm32l4xx_hal_i2c.o(i.I2C_Slave_ISR_DMA) for I2C_Slave_ISR_DMA
    stm32l4xx_hal_i2c.o(i.HAL_I2C_Slave_Transmit_DMA) refers to stm32l4xx_hal_i2c.o(i.I2C_DMASlaveTransmitCplt) for I2C_DMASlaveTransmitCplt
    stm32l4xx_hal_i2c.o(i.HAL_I2C_Slave_Transmit_DMA) refers to stm32l4xx_hal_i2c.o(i.I2C_DMAError) for I2C_DMAError
    stm32l4xx_hal_i2c.o(i.HAL_I2C_Slave_Transmit_IT) refers to stm32l4xx_hal_i2c.o(i.I2C_Enable_IRQ) for I2C_Enable_IRQ
    stm32l4xx_hal_i2c.o(i.HAL_I2C_Slave_Transmit_IT) refers to stm32l4xx_hal_i2c.o(i.I2C_Slave_ISR_IT) for I2C_Slave_ISR_IT
    stm32l4xx_hal_i2c.o(i.I2C_DMAAbort) refers to stm32l4xx_hal_i2c.o(i.HAL_I2C_ErrorCallback) for HAL_I2C_ErrorCallback
    stm32l4xx_hal_i2c.o(i.I2C_DMAAbort) refers to stm32l4xx_hal_i2c.o(i.HAL_I2C_AbortCpltCallback) for HAL_I2C_AbortCpltCallback
    stm32l4xx_hal_i2c.o(i.I2C_DMAError) refers to stm32l4xx_hal_i2c.o(i.I2C_ITError) for I2C_ITError
    stm32l4xx_hal_i2c.o(i.I2C_DMAMasterReceiveCplt) refers to stm32l4xx_hal_dma.o(i.HAL_DMA_Start_IT) for HAL_DMA_Start_IT
    stm32l4xx_hal_i2c.o(i.I2C_DMAMasterReceiveCplt) refers to stm32l4xx_hal_i2c.o(i.I2C_ITError) for I2C_ITError
    stm32l4xx_hal_i2c.o(i.I2C_DMAMasterReceiveCplt) refers to stm32l4xx_hal_i2c.o(i.I2C_Enable_IRQ) for I2C_Enable_IRQ
    stm32l4xx_hal_i2c.o(i.I2C_DMAMasterTransmitCplt) refers to stm32l4xx_hal_dma.o(i.HAL_DMA_Start_IT) for HAL_DMA_Start_IT
    stm32l4xx_hal_i2c.o(i.I2C_DMAMasterTransmitCplt) refers to stm32l4xx_hal_i2c.o(i.I2C_ITError) for I2C_ITError
    stm32l4xx_hal_i2c.o(i.I2C_DMAMasterTransmitCplt) refers to stm32l4xx_hal_i2c.o(i.I2C_Enable_IRQ) for I2C_Enable_IRQ
    stm32l4xx_hal_i2c.o(i.I2C_DMASlaveReceiveCplt) refers to stm32l4xx_hal_i2c.o(i.I2C_ITSlaveSequentialCplt) for I2C_ITSlaveSequentialCplt
    stm32l4xx_hal_i2c.o(i.I2C_DMASlaveTransmitCplt) refers to stm32l4xx_hal_i2c.o(i.I2C_ITSlaveSequentialCplt) for I2C_ITSlaveSequentialCplt
    stm32l4xx_hal_i2c.o(i.I2C_Enable_IRQ) refers to stm32l4xx_hal_i2c.o(i.I2C_Master_ISR_DMA) for I2C_Master_ISR_DMA
    stm32l4xx_hal_i2c.o(i.I2C_Enable_IRQ) refers to stm32l4xx_hal_i2c.o(i.I2C_Slave_ISR_DMA) for I2C_Slave_ISR_DMA
    stm32l4xx_hal_i2c.o(i.I2C_ITAddrCplt) refers to stm32l4xx_hal_i2c.o(i.HAL_I2C_AddrCallback) for HAL_I2C_AddrCallback
    stm32l4xx_hal_i2c.o(i.I2C_ITAddrCplt) refers to stm32l4xx_hal_i2c.o(i.I2C_Disable_IRQ) for I2C_Disable_IRQ
    stm32l4xx_hal_i2c.o(i.I2C_ITError) refers to stm32l4xx_hal_i2c.o(i.I2C_Disable_IRQ) for I2C_Disable_IRQ
    stm32l4xx_hal_i2c.o(i.I2C_ITError) refers to stm32l4xx_hal_dma.o(i.HAL_DMA_Abort_IT) for HAL_DMA_Abort_IT
    stm32l4xx_hal_i2c.o(i.I2C_ITError) refers to stm32l4xx_hal_i2c.o(i.HAL_I2C_ErrorCallback) for HAL_I2C_ErrorCallback
    stm32l4xx_hal_i2c.o(i.I2C_ITError) refers to stm32l4xx_hal_i2c.o(i.HAL_I2C_AbortCpltCallback) for HAL_I2C_AbortCpltCallback
    stm32l4xx_hal_i2c.o(i.I2C_ITError) refers to stm32l4xx_hal_i2c.o(i.I2C_DMAAbort) for I2C_DMAAbort
    stm32l4xx_hal_i2c.o(i.I2C_ITError) refers to stm32l4xx_hal_i2c.o(i.I2C_Slave_ISR_IT) for I2C_Slave_ISR_IT
    stm32l4xx_hal_i2c.o(i.I2C_ITListenCplt) refers to stm32l4xx_hal_i2c.o(i.I2C_Disable_IRQ) for I2C_Disable_IRQ
    stm32l4xx_hal_i2c.o(i.I2C_ITListenCplt) refers to stm32l4xx_hal_i2c.o(i.HAL_I2C_ListenCpltCallback) for HAL_I2C_ListenCpltCallback
    stm32l4xx_hal_i2c.o(i.I2C_ITMasterCplt) refers to stm32l4xx_hal_i2c.o(i.I2C_Flush_TXDR) for I2C_Flush_TXDR
    stm32l4xx_hal_i2c.o(i.I2C_ITMasterCplt) refers to stm32l4xx_hal_i2c.o(i.I2C_Disable_IRQ) for I2C_Disable_IRQ
    stm32l4xx_hal_i2c.o(i.I2C_ITMasterCplt) refers to stm32l4xx_hal_i2c.o(i.I2C_ITError) for I2C_ITError
    stm32l4xx_hal_i2c.o(i.I2C_ITMasterCplt) refers to stm32l4xx_hal_i2c.o(i.HAL_I2C_MasterRxCpltCallback) for HAL_I2C_MasterRxCpltCallback
    stm32l4xx_hal_i2c.o(i.I2C_ITMasterCplt) refers to stm32l4xx_hal_i2c.o(i.HAL_I2C_MasterTxCpltCallback) for HAL_I2C_MasterTxCpltCallback
    stm32l4xx_hal_i2c.o(i.I2C_ITMasterCplt) refers to stm32l4xx_hal_i2c.o(i.HAL_I2C_MemTxCpltCallback) for HAL_I2C_MemTxCpltCallback
    stm32l4xx_hal_i2c.o(i.I2C_ITMasterCplt) refers to stm32l4xx_hal_i2c.o(i.HAL_I2C_MemRxCpltCallback) for HAL_I2C_MemRxCpltCallback
    stm32l4xx_hal_i2c.o(i.I2C_ITMasterSequentialCplt) refers to stm32l4xx_hal_i2c.o(i.I2C_Disable_IRQ) for I2C_Disable_IRQ
    stm32l4xx_hal_i2c.o(i.I2C_ITMasterSequentialCplt) refers to stm32l4xx_hal_i2c.o(i.HAL_I2C_MasterRxCpltCallback) for HAL_I2C_MasterRxCpltCallback
    stm32l4xx_hal_i2c.o(i.I2C_ITMasterSequentialCplt) refers to stm32l4xx_hal_i2c.o(i.HAL_I2C_MasterTxCpltCallback) for HAL_I2C_MasterTxCpltCallback
    stm32l4xx_hal_i2c.o(i.I2C_ITSlaveCplt) refers to stm32l4xx_hal_i2c.o(i.I2C_Disable_IRQ) for I2C_Disable_IRQ
    stm32l4xx_hal_i2c.o(i.I2C_ITSlaveCplt) refers to stm32l4xx_hal_i2c.o(i.I2C_Flush_TXDR) for I2C_Flush_TXDR
    stm32l4xx_hal_i2c.o(i.I2C_ITSlaveCplt) refers to stm32l4xx_hal_i2c.o(i.I2C_ITError) for I2C_ITError
    stm32l4xx_hal_i2c.o(i.I2C_ITSlaveCplt) refers to stm32l4xx_hal_i2c.o(i.I2C_ITListenCplt) for I2C_ITListenCplt
    stm32l4xx_hal_i2c.o(i.I2C_ITSlaveCplt) refers to stm32l4xx_hal_i2c.o(i.HAL_I2C_ListenCpltCallback) for HAL_I2C_ListenCpltCallback
    stm32l4xx_hal_i2c.o(i.I2C_ITSlaveCplt) refers to stm32l4xx_hal_i2c.o(i.HAL_I2C_SlaveTxCpltCallback) for HAL_I2C_SlaveTxCpltCallback
    stm32l4xx_hal_i2c.o(i.I2C_ITSlaveCplt) refers to stm32l4xx_hal_i2c.o(i.HAL_I2C_SlaveRxCpltCallback) for HAL_I2C_SlaveRxCpltCallback
    stm32l4xx_hal_i2c.o(i.I2C_ITSlaveSequentialCplt) refers to stm32l4xx_hal_i2c.o(i.I2C_Disable_IRQ) for I2C_Disable_IRQ
    stm32l4xx_hal_i2c.o(i.I2C_ITSlaveSequentialCplt) refers to stm32l4xx_hal_i2c.o(i.HAL_I2C_SlaveRxCpltCallback) for HAL_I2C_SlaveRxCpltCallback
    stm32l4xx_hal_i2c.o(i.I2C_ITSlaveSequentialCplt) refers to stm32l4xx_hal_i2c.o(i.HAL_I2C_SlaveTxCpltCallback) for HAL_I2C_SlaveTxCpltCallback
    stm32l4xx_hal_i2c.o(i.I2C_IsAcknowledgeFailed) refers to stm32l4xx_hal.o(i.HAL_GetTick) for HAL_GetTick
    stm32l4xx_hal_i2c.o(i.I2C_IsAcknowledgeFailed) refers to stm32l4xx_hal_i2c.o(i.I2C_Flush_TXDR) for I2C_Flush_TXDR
    stm32l4xx_hal_i2c.o(i.I2C_Master_ISR_DMA) refers to stm32l4xx_hal_i2c.o(i.I2C_Enable_IRQ) for I2C_Enable_IRQ
    stm32l4xx_hal_i2c.o(i.I2C_Master_ISR_DMA) refers to stm32l4xx_hal_i2c.o(i.I2C_Flush_TXDR) for I2C_Flush_TXDR
    stm32l4xx_hal_i2c.o(i.I2C_Master_ISR_DMA) refers to stm32l4xx_hal_i2c.o(i.I2C_TransferConfig) for I2C_TransferConfig
    stm32l4xx_hal_i2c.o(i.I2C_Master_ISR_DMA) refers to stm32l4xx_hal_i2c.o(i.I2C_ITError) for I2C_ITError
    stm32l4xx_hal_i2c.o(i.I2C_Master_ISR_DMA) refers to stm32l4xx_hal_i2c.o(i.I2C_ITMasterSequentialCplt) for I2C_ITMasterSequentialCplt
    stm32l4xx_hal_i2c.o(i.I2C_Master_ISR_DMA) refers to stm32l4xx_hal_i2c.o(i.I2C_ITMasterCplt) for I2C_ITMasterCplt
    stm32l4xx_hal_i2c.o(i.I2C_Master_ISR_IT) refers to stm32l4xx_hal_i2c.o(i.I2C_Flush_TXDR) for I2C_Flush_TXDR
    stm32l4xx_hal_i2c.o(i.I2C_Master_ISR_IT) refers to stm32l4xx_hal_i2c.o(i.I2C_TransferConfig) for I2C_TransferConfig
    stm32l4xx_hal_i2c.o(i.I2C_Master_ISR_IT) refers to stm32l4xx_hal_i2c.o(i.I2C_ITError) for I2C_ITError
    stm32l4xx_hal_i2c.o(i.I2C_Master_ISR_IT) refers to stm32l4xx_hal_i2c.o(i.I2C_ITMasterCplt) for I2C_ITMasterCplt
    stm32l4xx_hal_i2c.o(i.I2C_Master_ISR_IT) refers to stm32l4xx_hal_i2c.o(i.I2C_ITMasterSequentialCplt) for I2C_ITMasterSequentialCplt
    stm32l4xx_hal_i2c.o(i.I2C_RequestMemoryRead) refers to stm32l4xx_hal_i2c.o(i.I2C_TransferConfig) for I2C_TransferConfig
    stm32l4xx_hal_i2c.o(i.I2C_RequestMemoryRead) refers to stm32l4xx_hal_i2c.o(i.I2C_WaitOnTXISFlagUntilTimeout) for I2C_WaitOnTXISFlagUntilTimeout
    stm32l4xx_hal_i2c.o(i.I2C_RequestMemoryRead) refers to stm32l4xx_hal_i2c.o(i.I2C_WaitOnFlagUntilTimeout) for I2C_WaitOnFlagUntilTimeout
    stm32l4xx_hal_i2c.o(i.I2C_RequestMemoryWrite) refers to stm32l4xx_hal_i2c.o(i.I2C_TransferConfig) for I2C_TransferConfig
    stm32l4xx_hal_i2c.o(i.I2C_RequestMemoryWrite) refers to stm32l4xx_hal_i2c.o(i.I2C_WaitOnTXISFlagUntilTimeout) for I2C_WaitOnTXISFlagUntilTimeout
    stm32l4xx_hal_i2c.o(i.I2C_RequestMemoryWrite) refers to stm32l4xx_hal_i2c.o(i.I2C_WaitOnFlagUntilTimeout) for I2C_WaitOnFlagUntilTimeout
    stm32l4xx_hal_i2c.o(i.I2C_Slave_ISR_DMA) refers to stm32l4xx_hal_i2c.o(i.I2C_ITListenCplt) for I2C_ITListenCplt
    stm32l4xx_hal_i2c.o(i.I2C_Slave_ISR_DMA) refers to stm32l4xx_hal_i2c.o(i.I2C_Flush_TXDR) for I2C_Flush_TXDR
    stm32l4xx_hal_i2c.o(i.I2C_Slave_ISR_DMA) refers to stm32l4xx_hal_i2c.o(i.I2C_ITSlaveSequentialCplt) for I2C_ITSlaveSequentialCplt
    stm32l4xx_hal_i2c.o(i.I2C_Slave_ISR_DMA) refers to stm32l4xx_hal_i2c.o(i.I2C_ITError) for I2C_ITError
    stm32l4xx_hal_i2c.o(i.I2C_Slave_ISR_DMA) refers to stm32l4xx_hal_i2c.o(i.I2C_ITAddrCplt) for I2C_ITAddrCplt
    stm32l4xx_hal_i2c.o(i.I2C_Slave_ISR_DMA) refers to stm32l4xx_hal_i2c.o(i.I2C_ITSlaveCplt) for I2C_ITSlaveCplt
    stm32l4xx_hal_i2c.o(i.I2C_Slave_ISR_IT) refers to stm32l4xx_hal_i2c.o(i.I2C_ITError) for I2C_ITError
    stm32l4xx_hal_i2c.o(i.I2C_Slave_ISR_IT) refers to stm32l4xx_hal_i2c.o(i.I2C_ITListenCplt) for I2C_ITListenCplt
    stm32l4xx_hal_i2c.o(i.I2C_Slave_ISR_IT) refers to stm32l4xx_hal_i2c.o(i.I2C_Flush_TXDR) for I2C_Flush_TXDR
    stm32l4xx_hal_i2c.o(i.I2C_Slave_ISR_IT) refers to stm32l4xx_hal_i2c.o(i.I2C_ITAddrCplt) for I2C_ITAddrCplt
    stm32l4xx_hal_i2c.o(i.I2C_Slave_ISR_IT) refers to stm32l4xx_hal_i2c.o(i.I2C_ITSlaveSequentialCplt) for I2C_ITSlaveSequentialCplt
    stm32l4xx_hal_i2c.o(i.I2C_Slave_ISR_IT) refers to stm32l4xx_hal_i2c.o(i.I2C_ITSlaveCplt) for I2C_ITSlaveCplt
    stm32l4xx_hal_i2c.o(i.I2C_WaitOnFlagUntilTimeout) refers to stm32l4xx_hal.o(i.HAL_GetTick) for HAL_GetTick
    stm32l4xx_hal_i2c.o(i.I2C_WaitOnRXNEFlagUntilTimeout) refers to stm32l4xx_hal_i2c.o(i.I2C_IsAcknowledgeFailed) for I2C_IsAcknowledgeFailed
    stm32l4xx_hal_i2c.o(i.I2C_WaitOnRXNEFlagUntilTimeout) refers to stm32l4xx_hal.o(i.HAL_GetTick) for HAL_GetTick
    stm32l4xx_hal_i2c.o(i.I2C_WaitOnSTOPFlagUntilTimeout) refers to stm32l4xx_hal_i2c.o(i.I2C_IsAcknowledgeFailed) for I2C_IsAcknowledgeFailed
    stm32l4xx_hal_i2c.o(i.I2C_WaitOnSTOPFlagUntilTimeout) refers to stm32l4xx_hal.o(i.HAL_GetTick) for HAL_GetTick
    stm32l4xx_hal_i2c.o(i.I2C_WaitOnTXISFlagUntilTimeout) refers to stm32l4xx_hal_i2c.o(i.I2C_IsAcknowledgeFailed) for I2C_IsAcknowledgeFailed
    stm32l4xx_hal_i2c.o(i.I2C_WaitOnTXISFlagUntilTimeout) refers to stm32l4xx_hal.o(i.HAL_GetTick) for HAL_GetTick
    stm32l4xx_hal_rcc.o(i.HAL_RCC_ClockConfig) refers to stm32l4xx_hal.o(i.HAL_GetTick) for HAL_GetTick
    stm32l4xx_hal_rcc.o(i.HAL_RCC_ClockConfig) refers to stm32l4xx_hal_rcc.o(i.HAL_RCC_GetSysClockFreq) for HAL_RCC_GetSysClockFreq
    stm32l4xx_hal_rcc.o(i.HAL_RCC_ClockConfig) refers to stm32l4xx_hal.o(i.HAL_InitTick) for HAL_InitTick
    stm32l4xx_hal_rcc.o(i.HAL_RCC_ClockConfig) refers to system_stm32l4xx.o(.constdata) for AHBPrescTable
    stm32l4xx_hal_rcc.o(i.HAL_RCC_ClockConfig) refers to system_stm32l4xx.o(.data) for SystemCoreClock
    stm32l4xx_hal_rcc.o(i.HAL_RCC_DeInit) refers to stm32l4xx_hal.o(i.HAL_GetTick) for HAL_GetTick
    stm32l4xx_hal_rcc.o(i.HAL_RCC_DeInit) refers to stm32l4xx_hal.o(i.HAL_InitTick) for HAL_InitTick
    stm32l4xx_hal_rcc.o(i.HAL_RCC_DeInit) refers to system_stm32l4xx.o(.data) for SystemCoreClock
    stm32l4xx_hal_rcc.o(i.HAL_RCC_GetHCLKFreq) refers to system_stm32l4xx.o(.data) for SystemCoreClock
    stm32l4xx_hal_rcc.o(i.HAL_RCC_GetPCLK1Freq) refers to system_stm32l4xx.o(.data) for SystemCoreClock
    stm32l4xx_hal_rcc.o(i.HAL_RCC_GetPCLK1Freq) refers to system_stm32l4xx.o(.constdata) for APBPrescTable
    stm32l4xx_hal_rcc.o(i.HAL_RCC_GetPCLK2Freq) refers to system_stm32l4xx.o(.data) for SystemCoreClock
    stm32l4xx_hal_rcc.o(i.HAL_RCC_GetPCLK2Freq) refers to system_stm32l4xx.o(.constdata) for APBPrescTable
    stm32l4xx_hal_rcc.o(i.HAL_RCC_GetSysClockFreq) refers to system_stm32l4xx.o(.constdata) for MSIRangeTable
    stm32l4xx_hal_rcc.o(i.HAL_RCC_MCOConfig) refers to stm32l4xx_hal_gpio.o(i.HAL_GPIO_Init) for HAL_GPIO_Init
    stm32l4xx_hal_rcc.o(i.HAL_RCC_NMI_IRQHandler) refers to stm32l4xx_hal_rcc.o(i.HAL_RCC_CSSCallback) for HAL_RCC_CSSCallback
    stm32l4xx_hal_rcc.o(i.HAL_RCC_OscConfig) refers to stm32l4xx_hal.o(i.HAL_GetTick) for HAL_GetTick
    stm32l4xx_hal_rcc.o(i.HAL_RCC_OscConfig) refers to stm32l4xx_hal_rcc.o(i.RCC_SetFlashLatencyFromMSIRange) for RCC_SetFlashLatencyFromMSIRange
    stm32l4xx_hal_rcc.o(i.HAL_RCC_OscConfig) refers to stm32l4xx_hal_rcc.o(i.HAL_RCC_GetSysClockFreq) for HAL_RCC_GetSysClockFreq
    stm32l4xx_hal_rcc.o(i.HAL_RCC_OscConfig) refers to stm32l4xx_hal.o(i.HAL_InitTick) for HAL_InitTick
    stm32l4xx_hal_rcc.o(i.HAL_RCC_OscConfig) refers to system_stm32l4xx.o(.constdata) for AHBPrescTable
    stm32l4xx_hal_rcc.o(i.HAL_RCC_OscConfig) refers to system_stm32l4xx.o(.data) for SystemCoreClock
    stm32l4xx_hal_rcc.o(i.RCC_SetFlashLatencyFromMSIRange) refers to stm32l4xx_hal_pwr_ex.o(i.HAL_PWREx_GetVoltageRange) for HAL_PWREx_GetVoltageRange
    stm32l4xx_hal_rcc_ex.o(i.HAL_RCCEx_DisableLSCO) refers to stm32l4xx_hal_pwr.o(i.HAL_PWR_EnableBkUpAccess) for HAL_PWR_EnableBkUpAccess
    stm32l4xx_hal_rcc_ex.o(i.HAL_RCCEx_DisableLSCO) refers to stm32l4xx_hal_pwr.o(i.HAL_PWR_DisableBkUpAccess) for HAL_PWR_DisableBkUpAccess
    stm32l4xx_hal_rcc_ex.o(i.HAL_RCCEx_DisablePLLSAI1) refers to stm32l4xx_hal.o(i.HAL_GetTick) for HAL_GetTick
    stm32l4xx_hal_rcc_ex.o(i.HAL_RCCEx_DisablePLLSAI2) refers to stm32l4xx_hal.o(i.HAL_GetTick) for HAL_GetTick
    stm32l4xx_hal_rcc_ex.o(i.HAL_RCCEx_EnableLSCO) refers to stm32l4xx_hal_gpio.o(i.HAL_GPIO_Init) for HAL_GPIO_Init
    stm32l4xx_hal_rcc_ex.o(i.HAL_RCCEx_EnableLSCO) refers to stm32l4xx_hal_pwr.o(i.HAL_PWR_EnableBkUpAccess) for HAL_PWR_EnableBkUpAccess
    stm32l4xx_hal_rcc_ex.o(i.HAL_RCCEx_EnableLSCO) refers to stm32l4xx_hal_pwr.o(i.HAL_PWR_DisableBkUpAccess) for HAL_PWR_DisableBkUpAccess
    stm32l4xx_hal_rcc_ex.o(i.HAL_RCCEx_EnablePLLSAI1) refers to stm32l4xx_hal.o(i.HAL_GetTick) for HAL_GetTick
    stm32l4xx_hal_rcc_ex.o(i.HAL_RCCEx_EnablePLLSAI2) refers to stm32l4xx_hal.o(i.HAL_GetTick) for HAL_GetTick
    stm32l4xx_hal_rcc_ex.o(i.HAL_RCCEx_GetPeriphCLKFreq) refers to stm32l4xx_hal_rcc_ex.o(i.RCCEx_GetSAIxPeriphCLKFreq) for RCCEx_GetSAIxPeriphCLKFreq
    stm32l4xx_hal_rcc_ex.o(i.HAL_RCCEx_GetPeriphCLKFreq) refers to stm32l4xx_hal_rcc.o(i.HAL_RCC_GetPCLK2Freq) for HAL_RCC_GetPCLK2Freq
    stm32l4xx_hal_rcc_ex.o(i.HAL_RCCEx_GetPeriphCLKFreq) refers to stm32l4xx_hal_rcc.o(i.HAL_RCC_GetSysClockFreq) for HAL_RCC_GetSysClockFreq
    stm32l4xx_hal_rcc_ex.o(i.HAL_RCCEx_GetPeriphCLKFreq) refers to stm32l4xx_hal_rcc.o(i.HAL_RCC_GetPCLK1Freq) for HAL_RCC_GetPCLK1Freq
    stm32l4xx_hal_rcc_ex.o(i.HAL_RCCEx_GetPeriphCLKFreq) refers to system_stm32l4xx.o(.constdata) for MSIRangeTable
    stm32l4xx_hal_rcc_ex.o(i.HAL_RCCEx_LSECSS_IRQHandler) refers to stm32l4xx_hal_rcc_ex.o(i.HAL_RCCEx_LSECSS_Callback) for HAL_RCCEx_LSECSS_Callback
    stm32l4xx_hal_rcc_ex.o(i.HAL_RCCEx_PeriphCLKConfig) refers to stm32l4xx_hal_rcc_ex.o(i.RCCEx_PLLSAI1_Config) for RCCEx_PLLSAI1_Config
    stm32l4xx_hal_rcc_ex.o(i.HAL_RCCEx_PeriphCLKConfig) refers to stm32l4xx_hal_rcc_ex.o(i.RCCEx_PLLSAI2_Config) for RCCEx_PLLSAI2_Config
    stm32l4xx_hal_rcc_ex.o(i.HAL_RCCEx_PeriphCLKConfig) refers to stm32l4xx_hal.o(i.HAL_GetTick) for HAL_GetTick
    stm32l4xx_hal_rcc_ex.o(i.RCCEx_PLLSAI1_Config) refers to stm32l4xx_hal.o(i.HAL_GetTick) for HAL_GetTick
    stm32l4xx_hal_rcc_ex.o(i.RCCEx_PLLSAI2_Config) refers to stm32l4xx_hal.o(i.HAL_GetTick) for HAL_GetTick
    stm32l4xx_hal_flash.o(i.FLASH_WaitForLastOperation) refers to stm32l4xx_hal.o(i.HAL_GetTick) for HAL_GetTick
    stm32l4xx_hal_flash.o(i.FLASH_WaitForLastOperation) refers to stm32l4xx_hal_flash.o(.data) for .data
    stm32l4xx_hal_flash.o(i.HAL_FLASH_GetError) refers to stm32l4xx_hal_flash.o(.data) for .data
    stm32l4xx_hal_flash.o(i.HAL_FLASH_IRQHandler) refers to stm32l4xx_hal_flash_ex.o(i.FLASH_FlushCaches) for FLASH_FlushCaches
    stm32l4xx_hal_flash.o(i.HAL_FLASH_IRQHandler) refers to stm32l4xx_hal_flash.o(i.HAL_FLASH_OperationErrorCallback) for HAL_FLASH_OperationErrorCallback
    stm32l4xx_hal_flash.o(i.HAL_FLASH_IRQHandler) refers to stm32l4xx_hal_flash.o(i.HAL_FLASH_EndOfOperationCallback) for HAL_FLASH_EndOfOperationCallback
    stm32l4xx_hal_flash.o(i.HAL_FLASH_IRQHandler) refers to stm32l4xx_hal_flash_ex.o(i.FLASH_PageErase) for FLASH_PageErase
    stm32l4xx_hal_flash.o(i.HAL_FLASH_IRQHandler) refers to stm32l4xx_hal_flash.o(.data) for .data
    stm32l4xx_hal_flash.o(i.HAL_FLASH_OB_Launch) refers to stm32l4xx_hal_flash.o(i.FLASH_WaitForLastOperation) for FLASH_WaitForLastOperation
    stm32l4xx_hal_flash.o(i.HAL_FLASH_Program) refers to stm32l4xx_hal_flash.o(i.FLASH_WaitForLastOperation) for FLASH_WaitForLastOperation
    stm32l4xx_hal_flash.o(i.HAL_FLASH_Program) refers to stm32l4xx_hal_flash.o(i.FLASH_Program_DoubleWord) for FLASH_Program_DoubleWord
    stm32l4xx_hal_flash.o(i.HAL_FLASH_Program) refers to stm32l4xx_hal_flash.o(i.FLASH_Program_Fast) for FLASH_Program_Fast
    stm32l4xx_hal_flash.o(i.HAL_FLASH_Program) refers to stm32l4xx_hal_flash_ex.o(i.FLASH_FlushCaches) for FLASH_FlushCaches
    stm32l4xx_hal_flash.o(i.HAL_FLASH_Program) refers to stm32l4xx_hal_flash.o(.data) for .data
    stm32l4xx_hal_flash.o(i.HAL_FLASH_Program_IT) refers to stm32l4xx_hal_flash.o(i.FLASH_Program_DoubleWord) for FLASH_Program_DoubleWord
    stm32l4xx_hal_flash.o(i.HAL_FLASH_Program_IT) refers to stm32l4xx_hal_flash.o(i.FLASH_Program_Fast) for FLASH_Program_Fast
    stm32l4xx_hal_flash.o(i.HAL_FLASH_Program_IT) refers to stm32l4xx_hal_flash.o(.data) for .data
    stm32l4xx_hal_flash_ex.o(i.FLASH_FlushCaches) refers to stm32l4xx_hal_flash.o(.data) for pFlash
    stm32l4xx_hal_flash_ex.o(i.FLASH_OB_PCROPConfig) refers to stm32l4xx_hal_flash.o(i.FLASH_WaitForLastOperation) for FLASH_WaitForLastOperation
    stm32l4xx_hal_flash_ex.o(i.FLASH_OB_UserConfig) refers to stm32l4xx_hal_flash.o(i.FLASH_WaitForLastOperation) for FLASH_WaitForLastOperation
    stm32l4xx_hal_flash_ex.o(i.FLASH_OB_WRPConfig) refers to stm32l4xx_hal_flash.o(i.FLASH_WaitForLastOperation) for FLASH_WaitForLastOperation
    stm32l4xx_hal_flash_ex.o(i.HAL_FLASHEx_Erase) refers to stm32l4xx_hal_flash.o(i.FLASH_WaitForLastOperation) for FLASH_WaitForLastOperation
    stm32l4xx_hal_flash_ex.o(i.HAL_FLASHEx_Erase) refers to stm32l4xx_hal_flash_ex.o(i.FLASH_MassErase) for FLASH_MassErase
    stm32l4xx_hal_flash_ex.o(i.HAL_FLASHEx_Erase) refers to stm32l4xx_hal_flash_ex.o(i.FLASH_PageErase) for FLASH_PageErase
    stm32l4xx_hal_flash_ex.o(i.HAL_FLASHEx_Erase) refers to stm32l4xx_hal_flash_ex.o(i.FLASH_FlushCaches) for FLASH_FlushCaches
    stm32l4xx_hal_flash_ex.o(i.HAL_FLASHEx_Erase) refers to stm32l4xx_hal_flash.o(.data) for pFlash
    stm32l4xx_hal_flash_ex.o(i.HAL_FLASHEx_Erase_IT) refers to stm32l4xx_hal_flash_ex.o(i.FLASH_PageErase) for FLASH_PageErase
    stm32l4xx_hal_flash_ex.o(i.HAL_FLASHEx_Erase_IT) refers to stm32l4xx_hal_flash_ex.o(i.FLASH_MassErase) for FLASH_MassErase
    stm32l4xx_hal_flash_ex.o(i.HAL_FLASHEx_Erase_IT) refers to stm32l4xx_hal_flash.o(.data) for pFlash
    stm32l4xx_hal_flash_ex.o(i.HAL_FLASHEx_OBGetConfig) refers to stm32l4xx_hal_flash_ex.o(i.FLASH_OB_GetPCROP) for FLASH_OB_GetPCROP
    stm32l4xx_hal_flash_ex.o(i.HAL_FLASHEx_OBProgram) refers to stm32l4xx_hal_flash_ex.o(i.FLASH_OB_WRPConfig) for FLASH_OB_WRPConfig
    stm32l4xx_hal_flash_ex.o(i.HAL_FLASHEx_OBProgram) refers to stm32l4xx_hal_flash.o(i.FLASH_WaitForLastOperation) for FLASH_WaitForLastOperation
    stm32l4xx_hal_flash_ex.o(i.HAL_FLASHEx_OBProgram) refers to stm32l4xx_hal_flash_ex.o(i.FLASH_OB_UserConfig) for FLASH_OB_UserConfig
    stm32l4xx_hal_flash_ex.o(i.HAL_FLASHEx_OBProgram) refers to stm32l4xx_hal_flash_ex.o(i.FLASH_OB_PCROPConfig) for FLASH_OB_PCROPConfig
    stm32l4xx_hal_flash_ex.o(i.HAL_FLASHEx_OBProgram) refers to stm32l4xx_hal_flash.o(.data) for pFlash
    stm32l4xx_hal_gpio.o(i.HAL_GPIO_EXTI_IRQHandler) refers to stm32l4xx_hal_gpio.o(i.HAL_GPIO_EXTI_Callback) for HAL_GPIO_EXTI_Callback
    stm32l4xx_hal_dma.o(i.HAL_DMA_PollForTransfer) refers to stm32l4xx_hal.o(i.HAL_GetTick) for HAL_GetTick
    stm32l4xx_hal_dma.o(i.HAL_DMA_Start) refers to stm32l4xx_hal_dma.o(i.DMA_SetConfig) for DMA_SetConfig
    stm32l4xx_hal_dma.o(i.HAL_DMA_Start_IT) refers to stm32l4xx_hal_dma.o(i.DMA_SetConfig) for DMA_SetConfig
    stm32l4xx_hal_pwr.o(i.HAL_PWR_EnterSLEEPMode) refers to stm32l4xx_hal_pwr_ex.o(i.HAL_PWREx_EnableLowPowerRunMode) for HAL_PWREx_EnableLowPowerRunMode
    stm32l4xx_hal_pwr.o(i.HAL_PWR_EnterSLEEPMode) refers to stm32l4xx_hal_pwr_ex.o(i.HAL_PWREx_DisableLowPowerRunMode) for HAL_PWREx_DisableLowPowerRunMode
    stm32l4xx_hal_pwr.o(i.HAL_PWR_EnterSTOPMode) refers to stm32l4xx_hal_pwr_ex.o(i.HAL_PWREx_EnterSTOP0Mode) for HAL_PWREx_EnterSTOP0Mode
    stm32l4xx_hal_pwr.o(i.HAL_PWR_EnterSTOPMode) refers to stm32l4xx_hal_pwr_ex.o(i.HAL_PWREx_EnterSTOP1Mode) for HAL_PWREx_EnterSTOP1Mode
    stm32l4xx_hal_pwr_ex.o(i.HAL_PWREx_ControlVoltageScaling) refers to system_stm32l4xx.o(.data) for SystemCoreClock
    stm32l4xx_hal_pwr_ex.o(i.HAL_PWREx_DisableLowPowerRunMode) refers to system_stm32l4xx.o(.data) for SystemCoreClock
    stm32l4xx_hal_pwr_ex.o(i.HAL_PWREx_PVD_PVM_IRQHandler) refers to stm32l4xx_hal_pwr.o(i.HAL_PWR_PVDCallback) for HAL_PWR_PVDCallback
    stm32l4xx_hal_pwr_ex.o(i.HAL_PWREx_PVD_PVM_IRQHandler) refers to stm32l4xx_hal_pwr_ex.o(i.HAL_PWREx_PVM1Callback) for HAL_PWREx_PVM1Callback
    stm32l4xx_hal_pwr_ex.o(i.HAL_PWREx_PVD_PVM_IRQHandler) refers to stm32l4xx_hal_pwr_ex.o(i.HAL_PWREx_PVM2Callback) for HAL_PWREx_PVM2Callback
    stm32l4xx_hal_pwr_ex.o(i.HAL_PWREx_PVD_PVM_IRQHandler) refers to stm32l4xx_hal_pwr_ex.o(i.HAL_PWREx_PVM3Callback) for HAL_PWREx_PVM3Callback
    stm32l4xx_hal_pwr_ex.o(i.HAL_PWREx_PVD_PVM_IRQHandler) refers to stm32l4xx_hal_pwr_ex.o(i.HAL_PWREx_PVM4Callback) for HAL_PWREx_PVM4Callback
    stm32l4xx_hal_cortex.o(i.HAL_NVIC_SetPriority) refers to stm32l4xx_hal_cortex.o(i.NVIC_SetPriority) for NVIC_SetPriority
    stm32l4xx_hal_cortex.o(i.HAL_SYSTICK_Config) refers to stm32l4xx_hal_cortex.o(i.NVIC_SetPriority) for NVIC_SetPriority
    stm32l4xx_hal_cortex.o(i.HAL_SYSTICK_IRQHandler) refers to stm32l4xx_hal_cortex.o(i.HAL_SYSTICK_Callback) for HAL_SYSTICK_Callback
    system_stm32l4xx.o(i.SystemCoreClockUpdate) refers to system_stm32l4xx.o(.constdata) for .constdata
    system_stm32l4xx.o(i.SystemCoreClockUpdate) refers to system_stm32l4xx.o(.data) for .data
    entry.o(.ARM.Collect$$$$00000000) refers (Special) to entry10a.o(.ARM.Collect$$$$0000000D) for __rt_final_cpp
    entry.o(.ARM.Collect$$$$00000000) refers (Special) to entry11a.o(.ARM.Collect$$$$0000000F) for __rt_final_exit
    entry.o(.ARM.Collect$$$$00000000) refers (Special) to entry7b.o(.ARM.Collect$$$$00000008) for _main_clock
    entry.o(.ARM.Collect$$$$00000000) refers (Special) to entry8b.o(.ARM.Collect$$$$0000000A) for _main_cpp_init
    entry.o(.ARM.Collect$$$$00000000) refers (Special) to entry9a.o(.ARM.Collect$$$$0000000B) for _main_init
    entry.o(.ARM.Collect$$$$00000000) refers (Special) to entry5.o(.ARM.Collect$$$$00000004) for _main_scatterload
    entry.o(.ARM.Collect$$$$00000000) refers (Special) to entry2.o(.ARM.Collect$$$$00000001) for _main_stk
    uldiv.o(.text) refers to llushr.o(.text) for __aeabi_llsr
    uldiv.o(.text) refers to llshl.o(.text) for __aeabi_llsl
    entry2.o(.ARM.Collect$$$$00000001) refers to entry2.o(.ARM.Collect$$$$00002712) for __lit__00000000
    entry2.o(.ARM.Collect$$$$00002712) refers to startup_stm32l475xx.o(STACK) for __initial_sp
    entry2.o(__vectab_stack_and_reset_area) refers to startup_stm32l475xx.o(STACK) for __initial_sp
    entry2.o(__vectab_stack_and_reset_area) refers to entry.o(.ARM.Collect$$$$00000000) for __main
    entry5.o(.ARM.Collect$$$$00000004) refers to init.o(.text) for __scatterload
    entry9a.o(.ARM.Collect$$$$0000000B) refers to main.o(i.main) for main
    entry9a.o(.ARM.Collect$$$$0000000B) refers to stm32l4xx_it.o(i.main) for main
    entry9b.o(.ARM.Collect$$$$0000000C) refers to main.o(i.main) for main
    entry9b.o(.ARM.Collect$$$$0000000C) refers to stm32l4xx_it.o(i.main) for main
    init.o(.text) refers to entry5.o(.ARM.Collect$$$$00000004) for __main_after_scatterload

